Component: ARM Compiler 5.06 update 7 (build 960) Tool: armlink [4d3601]

==============================================================================

Section Cross References

    main.o(i.ADJUST_task) refers to pwm.o(i.p_brightness) for p_brightness
    main.o(i.ADJUST_task) refers to adc.o(i.Get_charge_value) for Get_charge_value
    main.o(i.ADJUST_task) refers to adc.o(i.Get_charge) for Get_charge
    main.o(i.ADJUST_task) refers to tasks.o(i.vTaskDelay) for vTaskDelay
    main.o(i.ADJUST_task) refers to main.o(.data) for .data
    main.o(i.AutoReloadCallback) refers to main.o(.data) for .data
    main.o(i.INPUT_task) refers to key.o(i.KEY_Scan) for KEY_Scan
    main.o(i.INPUT_task) refers to event_groups.o(i.xEventGroupSetBits) for xEventGroupSetBits
    main.o(i.INPUT_task) refers to tasks.o(i.vTaskDelay) for vTaskDelay
    main.o(i.INPUT_task) refers to main.o(.data) for .data
    main.o(i.LCD_task) refers to lcd.o(i.LCD_ShowPicture) for LCD_ShowPicture
    main.o(i.LCD_task) refers to main.o(i.meau) for meau
    main.o(i.LCD_task) refers to tasks.o(i.vTaskDelay) for vTaskDelay
    main.o(i.LCD_task) refers to main.o(.constdata) for .constdata
    main.o(i.LED_task) refers to queue.o(i.xQueueReceive) for xQueueReceive
    main.o(i.LED_task) refers to pwm.o(i.led_brightness) for led_brightness
    main.o(i.LED_task) refers to tasks.o(i.vTaskDelay) for vTaskDelay
    main.o(i.LED_task) refers to main.o(.data) for .data
    main.o(i.MUSIC_task) refers to mp3player.o(i.mp3PlayerDemo) for mp3PlayerDemo
    main.o(i.MUSIC_task) refers to tasks.o(i.vTaskDelay) for vTaskDelay
    main.o(i.MUSIC_task) refers to main.o(.data) for .data
    main.o(i.MUSIC_task) refers to music.o(.data) for music
    main.o(i.WIFI_task) refers to esp8266.o(i.esp8266_start_trans) for esp8266_start_trans
    main.o(i.WIFI_task) refers to esp8266.o(i.esp8266_quit_trans) for esp8266_quit_trans
    main.o(i.WIFI_task) refers to __2printf.o(.text) for __2printf
    main.o(i.WIFI_task) refers to stm32f4xx_gpio.o(i.GPIO_ToggleBits) for GPIO_ToggleBits
    main.o(i.WIFI_task) refers to tasks.o(i.vTaskDelay) for vTaskDelay
    main.o(i.WIFI_task) refers to weather.o(i.get_jinzhou_time) for get_jinzhou_time
    main.o(i.WIFI_task) refers to queue.o(i.xQueueGenericSend) for xQueueGenericSend
    main.o(i.WIFI_task) refers to weather.o(i.get_current_weather) for get_current_weather
    main.o(i.WIFI_task) refers to main.o(.data) for .data
    main.o(i.WIFI_task) refers to weather.o(.data) for nwt
    main.o(i.get_charge_show) refers to lcd.o(i.LCD_ShowPicture) for LCD_ShowPicture
    main.o(i.get_charge_show) refers to lcd.o(i.LCD_ShowIntNum) for LCD_ShowIntNum
    main.o(i.get_charge_show) refers to main.o(.constdata) for .constdata
    main.o(i.led_APP) refers to lcd.o(i.LCD_Fill) for LCD_Fill
    main.o(i.led_APP) refers to lcd.o(i.LCD_ShowPicture) for LCD_ShowPicture
    main.o(i.led_APP) refers to lcd.o(i.LCD_ShowString) for LCD_ShowString
    main.o(i.led_APP) refers to event_groups.o(i.xEventGroupWaitBits) for xEventGroupWaitBits
    main.o(i.led_APP) refers to queue.o(i.xQueueGenericSend) for xQueueGenericSend
    main.o(i.led_APP) refers to __2printf.o(.text) for __2printf
    main.o(i.led_APP) refers to tasks.o(i.vTaskDelay) for vTaskDelay
    main.o(i.led_APP) refers to event_groups.o(i.xEventGroupClearBits) for xEventGroupClearBits
    main.o(i.led_APP) refers to main.o(.constdata) for .constdata
    main.o(i.led_APP) refers to main.o(.data) for .data
    main.o(i.main) refers to delay.o(i.delay_init) for delay_init
    main.o(i.main) refers to misc.o(i.NVIC_PriorityGroupConfig) for NVIC_PriorityGroupConfig
    main.o(i.main) refers to usart.o(i.usart1_Init) for usart1_Init
    main.o(i.main) refers to led.o(i.LED_Init) for LED_Init
    main.o(i.main) refers to dac.o(i.DAC_Config) for DAC_Config
    main.o(i.main) refers to adc.o(i.Adc_Init) for Adc_Init
    main.o(i.main) refers to key.o(i.KEY_Init) for KEY_Init
    main.o(i.main) refers to mpu6050.o(i.MPU_Init) for MPU_Init
    main.o(i.main) refers to usart3.o(i.usart3_Init) for usart3_Init
    main.o(i.main) refers to lcd_init.o(i.LCD_Init) for LCD_Init
    main.o(i.main) refers to pwm.o(i.TIM2_PWM_Init) for TIM2_PWM_Init
    main.o(i.main) refers to pwm.o(i.PWM_Init) for PWM_Init
    main.o(i.main) refers to pwm.o(i.p_brightness) for p_brightness
    main.o(i.main) refers to pwm.o(i.led_brightness) for led_brightness
    main.o(i.main) refers to main.o(i.start) for start
    main.o(i.main) refers to sdio_sdcard.o(i.SD_Init) for SD_Init
    main.o(i.main) refers to exfuns.o(i.exfuns_init) for exfuns_init
    main.o(i.main) refers to ff.o(i.f_mount) for f_mount
    main.o(i.main) refers to tasks.o(i.xTaskCreate) for xTaskCreate
    main.o(i.main) refers to tasks.o(i.vTaskStartScheduler) for vTaskStartScheduler
    main.o(i.main) refers to main.o(.data) for .data
    main.o(i.main) refers to exfuns.o(.bss) for fs
[...]
    xTimerCreateTimerTask                    0x0800d185   Thumb Code    58  timers.o(i.xTimerCreateTimerTask)
    xTimerGenericCommand                     0x0800d1d1   Thumb Code    92  timers.o(i.xTimerGenericCommand)
    xmp3_AllocateBuffers                     0x0800d231   Thumb Code   124  buffers.o(i.xmp3_AllocateBuffers)
    xmp3_CalcBitsUsed                        0x0800d2c9   Thumb Code    14  bitstream.o(i.xmp3_CalcBitsUsed)
    xmp3_CheckPadBit                         0x0800d2d7   Thumb Code    22  bitstream.o(i.xmp3_CheckPadBit)
    xmp3_DecodeHuffman                       0x0800d2ed   Thumb Code   436  huffman.o(i.xmp3_DecodeHuffman)
    xmp3_DequantChannel                      0x0800d4a1   Thumb Code   482  dqchan.o(i.xmp3_DequantChannel)
    xmp3_Dequantize                          0x0800d689   Thumb Code   492  dequant.o(i.xmp3_Dequantize)
    xmp3_FDCT32                              0x0800d875   Thumb Code  1714  dct32.o(i.xmp3_FDCT32)
    xmp3_FreeBuffers                         0x0800df27   Thumb Code     2  buffers.o(i.xmp3_FreeBuffers)
    xmp3_GetBits                             0x0800df29   Thumb Code    66  bitstream.o(i.xmp3_GetBits)
    xmp3_IMDCT                               0x0800df6d   Thumb Code   288  imdct.o(i.xmp3_IMDCT)
    xmp3_IntensityProcMPEG1                  0x0800e08d   Thumb Code   564  stproc.o(i.xmp3_IntensityProcMPEG1)
    xmp3_IntensityProcMPEG2                  0x0800e2c9   Thumb Code   574  stproc.o(i.xmp3_IntensityProcMPEG2)
    xmp3_MidSideProc                         0x0800e511   Thumb Code    84  stproc.o(i.xmp3_MidSideProc)
    xmp3_SetBitstreamPointer                 0x0800e565   Thumb Code    12  bitstream.o(i.xmp3_SetBitstreamPointer)
    xmp3_Subband                             0x0800e571   Thumb Code   248  subband.o(i.xmp3_Subband)
    xmp3_UnpackFrameHeader                   0x0800e66d   Thumb Code   470  bitstream.o(i.xmp3_UnpackFrameHeader)
    xmp3_UnpackScaleFactors                  0x0800e85d   Thumb Code   246  scalfact.o(i.xmp3_UnpackScaleFactors)
    xmp3_UnpackSideInfo                      0x0800e955   Thumb Code   536  bitstream.o(i.xmp3_UnpackSideInfo)
    _get_lc_numeric                          0x0800eb6d   Thumb Code    44  lc_numeric_c.o(locale$$code)
    _get_lc_ctype                            0x0800eb99   Thumb Code    44  lc_ctype_c.o(locale$$code)
    _fp_init                                 0x0800ebc5   Thumb Code    10  fpinit.o(x$fpl$fpinit)
    __fplib_config_fpu_vfp                   0x0800ebcd   Thumb Code     0  fpinit.o(x$fpl$fpinit)
    __fplib_config_pureend_doubles           0x0800ebcd   Thumb Code     0  fpinit.o(x$fpl$fpinit)
    _printf_fp_dec                           0x0800ebcf   Thumb Code     4  printf1.o(x$fpl$printf1)
    _printf_fp_hex                           0x0800ebd3   Thumb Code     4  printf2.o(x$fpl$printf2)
    __I$use$fp                               0x0800ebd6   Number         0  usenofp.o(x$fpl$usenofp)
    wifi_off                                 0x0800ebd6   Data         800  main.o(.constdata)
    p__index                                 0x0800eef6   Data         400  main.o(.constdata)
    p__brightness                            0x0800f086   Data        1800  main.o(.constdata)
    p_volume                                 0x0800f78e   Data        1800  main.o(.constdata)
    brightness_icon                          0x0800fe96   Data         800  main.o(.constdata)
    volum_icon                               0x080101b6   Data         800  main.o(.constdata)
    charge_on                                0x080104d6   Data         760  main.o(.constdata)
    charge_1                                 0x080107ce   Data        1600  main.o(.constdata)
    charge_2                                 0x08010e0e   Data        1600  main.o(.constdata)
    charge_3                                 0x0801144e   Data        1600  main.o(.constdata)
    charge_4                                 0x08011a8e   Data        1600  main.o(.constdata)
    charge_5                                 0x080120ce   Data        1600  main.o(.constdata)
    charge_6                                 0x0801270e   Data        1600  main.o(.constdata)
    p_music                                  0x08012d4e   Data        7200  main.o(.constdata)
    time                                     0x0801496e   Data        7200  main.o(.constdata)
    music_last                               0x0801658e   Data        3200  main.o(.constdata)
    music_next                               0x0801720e   Data        3200  main.o(.constdata)
    music_start                              0x08017e8e   Data        3200  main.o(.constdata)
    music_stop                               0x08018b0e   Data        3200  main.o(.constdata)
    null_roll                                0x0801978e   Data          60  main.o(.constdata)
    p_index                                  0x080197ca   Data        1800  main.o(.constdata)
    wifi                                     0x08019ed2   Data         800  main.o(.constdata)
    txt                                      0x0801a1f2   Data        7200  main.o(.constdata)
    p_wifi                                   0x0801be12   Data        7200  main.o(.constdata)
    p_set                                    0x0801da32   Data        7200  main.o(.constdata)
    P_LED                                    0x0801f652   Data        7200  main.o(.constdata)
    music_2                                  0x08021272   Data        1800  main.o(.constdata)
    fazi                                     0x0802197a   Data       89280  main.o(.constdata)
    build                                    0x0803763a   Data       57600  main.o(.constdata)
    memtblsize                               0x0804573c   Data           8  malloc.o(.constdata)
    memblksize                               0x08045744   Data           8  malloc.o(.constdata)
    memsize                                  0x0804574c   Data           8  malloc.o(.constdata)
    ascii_1206                               0x08045754   Data        1140  lcd.o(.constdata)
    ascii_1608                               0x08045bc8   Data        1520  lcd.o(.constdata)
    ascii_2412                               0x080461b8   Data        4560  lcd.o(.constdata)
    ascii_3216                               0x08047388   Data        6080  lcd.o(.constdata)
    tfont24                                  0x08048b48   Data        7252  lcd.o(.constdata)
    xmp3_samplerateTab                       0x080754a0   Data          36  mp3tabs.o(.constdata)
    xmp3_bitrateTab                          0x080754c4   Data         270  mp3tabs.o(.constdata)
    xmp3_samplesPerFrameTab                  0x080755d2   Data          18  mp3tabs.o(.constdata)
    xmp3_sideBytesTab                        0x080755e4   Data          12  mp3tabs.o(.constdata)
    xmp3_slotTab                             0x080755f0   Data         270  mp3tabs.o(.constdata)
    xmp3_sfBandTable                         0x080756fe   Data         666  mp3tabs.o(.constdata)
    xmp3_huffTable                           0x08075ca8   Data        8484  hufftabs.o(.constdata)
    xmp3_huffTabOffset                       0x08077dcc   Data         128  hufftabs.o(.constdata)
    xmp3_huffTabLookup                       0x08077e4c   Data         256  hufftabs.o(.constdata)
    xmp3_quadTable                           0x08077f4c   Data          80  hufftabs.o(.constdata)
    xmp3_quadTabOffset                       0x08077f9c   Data           8  hufftabs.o(.constdata)
    xmp3_quadTabMaxBits                      0x08077fa4   Data           8  hufftabs.o(.constdata)
    xmp3_imdctWin                            0x08078080   Data         576  trigtabs.o(.constdata)
    xmp3_ISFMpeg1                            0x080782c0   Data          56  trigtabs.o(.constdata)
    xmp3_ISFMpeg2                            0x080782f8   Data         256  trigtabs.o(.constdata)
    xmp3_ISFIIP                              0x080783f8   Data          16  trigtabs.o(.constdata)
    xmp3_csa                                 0x08078408   Data          64  trigtabs.o(.constdata)
    xmp3_polyCoef                            0x08078448   Data        1056  trigtabs.o(.constdata)
    Region$$Table$$Base                      0x08078ca8   Number         0  anon$$obj.o(Region$$Table)
    Region$$Table$$Limit                     0x08078cc8   Number         0  anon$$obj.o(Region$$Table)
    __ctype                                  0x08078cf1   Data           0  lc_ctype_c.o(locale$$data)
    mem3base                                 0x10000000   Data       20480  malloc.o(.ARM.__AT_0x10000000)
    mem3mapbase                              0x10005000   Data        1280  malloc.o(.ARM.__AT_0x10005000)
    music_n                                  0x20000003   Data           1  main.o(.data)
    m_sec                                    0x20000004   Data           1  main.o(.data)
    sec                                      0x20000005   Data           1  main.o(.data)
    min                                      0x20000006   Data           1  main.o(.data)
    volume                                   0x20000008   Data           2  main.o(.data)
    charge_flag                              0x2000000a   Data           2  main.o(.data)
    brightness                               0x2000000c   Data           4  main.o(.data)
    StartTask_Handler                        0x2000001c   Data           4  main.o(.data)
    ADJUST_Task_Handler                      0x20000020   Data           4  main.o(.data)
    LED_Task_Handler                         0x20000024   Data           4  main.o(.data)
    MUSIC_Task_Handler                       0x20000028   Data           4  main.o(.data)
    INPUT_Task_Handler                       0x2000002c   Data           4  main.o(.data)
    LCD_Task_Handler                         0x20000030   Data           4  main.o(.data)
    WIFI_Task_Handler                        0x20000034   Data           4  main.o(.data)
    music_Queue                              0x20000038   Data           4  main.o(.data)
    LED_Queue                                0x2000003c   Data           4  main.o(.data)
    time_Queue                               0x20000040   Data           4  main.o(.data)
    EventGroupHandler                        0x20000044   Data           4  main.o(.data)
    AutoReloadTimer_Handle                   0x20000048   Data           4  main.o(.data)
    charge_value                             0x2000004c   Data           4  main.o(.data)
    Isread                                   0x20000058   Data           1  mp3player.o(.data)
    dac_ht                                   0x20000059   Data           1  mp3player.o(.data)
    result                                   0x2000005a   Data           1  mp3player.o(.data)
    led_delay                                0x2000005c   Data           4  mp3player.o(.data)
    usart_port                               0x20000074   Data           1  usart.o(.data)
    USART_RX_STA                             0x20000076   Data           2  usart.o(.data)
    __stdout                                 0x20000078   Data           4  usart.o(.data)
    DAC_DHR12R1_ADDR                         0x2000007c   Data           4  dac.o(.data)
    DAC_DHR12R2_ADDR                         0x20000080   Data           4  dac.o(.data)
    TransferError                            0x20000087   Data           1  sdio_sdcard.o(.data)
    TransferEnd                              0x20000088   Data           1  sdio_sdcard.o(.data)
    tempbuff                                 0x20000090   Data           4  sdio_sdcard.o(.data)
    mallco_dev                               0x20000094   Data          28  malloc.o(.data)
    music                                    0x200000b0   Data         120  music.o(.data)
    music_num                                0x20000128   Data         120  music.o(.data)
    wifi_flag                                0x200001a0   Data           4  esp8266.o(.data)
    USART3_RX_STA                            0x200001a4   Data           2  usart3.o(.data)
    nwt                                      0x200001a6   Data           8  weather.o(.data)
    SystemCoreClock                          0x200001c0   Data           4  system_stm32f4xx.o(.data)
    AHBPrescTable                            0x200001c4   Data          16  system_stm32f4xx.o(.data)
    FLASH_SECTOR_COUNT                       0x200001d4   Data           2  diskio.o(.data)
    file                                     0x200001d8   Data           4  exfuns.o(.data)
    ftemp                                    0x200001dc   Data           4  exfuns.o(.data)
    fatbuf                                   0x200001e0   Data           4  exfuns.o(.data)
    pxCurrentTCB                             0x200001e4   Data           4  tasks.o(.data)
    uxTopUsedPriority                        0x20000214   Data           4  tasks.o(.data)
    inputbuf                                 0x20000260   Data        4096  mp3player.o(.bss)
    USART_RX_BUF                             0x200026a4   Data         200  usart.o(.bss)
    DAC_buff                                 0x2000276c   Data       10000  dac.o(.bss)
    SDIO_InitStructure                       0x20004e80   Data          24  sdio_sdcard.o(.bss)
    SDIO_CmdInitStructure                    0x20004e98   Data          20  sdio_sdcard.o(.bss)
    SDIO_DataInitStructure                   0x20004eac   Data          24  sdio_sdcard.o(.bss)
    SDCardInfo                               0x20004ee8   Data          88  sdio_sdcard.o(.bss)
    SDIO_DATA_BUFFER                         0x20004f40   Data         512  sdio_sdcard.o(.bss)
    mem1base                                 0x20005140   Data       20480  malloc.o(.bss)
    mem1mapbase                              0x2000a140   Data        1280  malloc.o(.bss)
    USART3_RX_BUF                            0x2000a640   Data        1500  usart3.o(.bss)
    USART3_TX_BUF                            0x2000ac1c   Data         600  usart3.o(.bss)
    fs                                       0x2000ae80   Data          12  exfuns.o(.bss)
    mp3DecInfo                               0x2000ae8c   Data        2032  buffers.o(.bss)
    sbi                                      0x2000b67c   Data        8708  buffers.o(.bss)
    mi                                       0x2000d880   Data        6944  buffers.o(.bss)
    hi                                       0x2000f3a0   Data        4624  buffers.o(.bss)
    di                                       0x200105b0   Data         840  buffers.o(.bss)
    sfi                                      0x200108f8   Data         284  buffers.o(.bss)
    si                                       0x20010a14   Data         328  buffers.o(.bss)
    fh                                       0x20010b5c   Data          56  buffers.o(.bss)
    xQueueRegistry                           0x20010b94   Data          64  queue.o(.bss)
    __libspace_start                         0x20015da0   Data          96  libspace.o(.bss)
    __temporary_stack_top$libspace           0x20015e00   Data           0  libspace.o(.bss)



==============================================================================

Memory Map of the image

  Image Entry point : 0x08000189

  Load Region LR_IROM1 (Base: 0x08000000, Size: 0x00079054, Max: 0x00100000, ABSOLUTE, COMPRESSED[0x00078ee0])

    Execution Region ER_IROM1 (Exec base: 0x08000000, Load base: 0x08000000, Size: 0x00078df4, Max: 0x00100000, ABSOLUTE)

    Exec Addr    Load Addr    Size         Type   Attr      Idx    E Section Name        Object

    0x08000000   0x08000000   0x00000188   Data   RO         4523    RESET               startup_stm32f40xx.o
    0x08000188   0x08000188   0x00000008   Code   RO         6661  * !!!main             c_w.l(__main.o)
    0x08000190   0x08000190   0x00000034   Code   RO         6976    !!!scatter          c_w.l(__scatter.o)
    0x080001c4   0x080001c4   0x0000005a   Code   RO         6974    !!dczerorl2         c_w.l(__dczerorl2.o)
    0x0800021e   0x0800021e   0x00000002   PAD
    0x08000220   0x08000220   0x0000001c   Code   RO         6978    !!handler_zi        c_w.l(__scatter_zi.o)
    0x0800023c   0x0800023c   0x00000000   Code   RO         6640    .ARM.Collect$$_printf_percent$$00000000  c_w.l(_printf_percent.o)
    0x0800023c   0x0800023c   0x00000006   Code   RO         6713    .ARM.Collect$$_printf_percent$$00000001  c_w.l(_printf_n.o)
    0x08000242   0x08000242   0x00000006   Code   RO         6714    .ARM.Collect$$_printf_percent$$00000002  c_w.l(_printf_p.o)
    0x08000248   0x08000248   0x00000006   Code   RO         6718    .ARM.Collect$$_printf_percent$$00000003  c_w.l(_printf_f.o)
    0x0800024e   0x0800024e   0x00000006   Code   RO         6719    .ARM.Collect$$_printf_percent$$00000004  c_w.l(_printf_e.o)
    0x08000254   0x08000254   0x00000006   Code   RO         6720    .ARM.Collect$$_printf_percent$$00000005  c_w.l(_printf_g.o)
    0x0800025a   0x0800025a   0x00000006   Code   RO         6721    .ARM.Collect$$_printf_percent$$00000006  c_w.l(_printf_a.o)
    0x08000260   0x08000260   0x0000000a   Code   RO         6726    .ARM.Collect$$_printf_percent$$00000007  c_w.l(_printf_ll.o)
    0x0800026a   0x0800026a   0x00000006   Code   RO         6716    .ARM.Collect$$_printf_percent$$00000008  c_w.l(_printf_i.o)
    0x08000270   0x08000270   0x00000006   Code   RO         6639    .ARM.Collect$$_printf_percent$$00000009  c_w.l(_printf_d.o)
    0x08000276   0x08000276   0x00000006   Code   RO         6717    .ARM.Collect$$_printf_percent$$0000000A  c_w.l(_printf_u.o)
    0x0800027c   0x0800027c   0x00000006   Code   RO         6715    .ARM.Collect$$_printf_percent$$0000000B  c_w.l(_printf_o.o)
    0x08000282   0x08000282   0x00000006   Code   RO         6638    .ARM.Collect$$_printf_percent$$0000000C  c_w.l(_printf_x.o)
    0x08000288   0x08000288   0x00000006   Code   RO         6723    .ARM.Collect$$_printf_percent$$0000000D  c_w.l(_printf_lli.o)
    0x0800028e   0x0800028e   0x00000006   Code   RO         6724    .ARM.Collect$$_printf_percent$$0000000E  c_w.l(_printf_lld.o)
    0x08000294   0x08000294   0x00000006   Code   RO         6725    .ARM.Collect$$_printf_percent$$0000000F  c_w.l(_printf_llu.o)
    0x0800029a   0x0800029a   0x00000006   Code   RO         6730    .ARM.Collect$$_printf_percent$$00000010  c_w.l(_printf_llo.o)
    0x080002a0   0x080002a0   0x00000006   Code   RO         6731    .ARM.Collect$$_printf_percent$$00000011  c_w.l(_printf_llx.o)
    0x080002a6   0x080002a6   0x0000000a   Code   RO         6727    .ARM.Collect$$_printf_percent$$00000012  c_w.l(_printf_l.o)
    0x080002b0   0x080002b0   0x00000006   Code   RO         6636    .ARM.Collect$$_printf_percent$$00000013  c_w.l(_printf_c.o)
    0x080002b6   0x080002b6   0x00000006   Code   RO         6637    .ARM.Collect$$_printf_percent$$00000014  c_w.l(_printf_s.o)
    0x080002bc   0x080002bc   0x00000006   Code   RO         6728    .ARM.Collect$$_printf_percent$$00000015  c_w.l(_printf_lc.o)
    0x080002c2   0x080002c2   0x00000006   Code   RO         6729    .ARM.Collect$$_printf_percent$$00000016  c_w.l(_printf_ls.o)
    0x080002c8   0x080002c8   0x00000004   Code   RO         6722    .ARM.Collect$$_printf_percent$$00000017  c_w.l(_printf_percent_end.o)
    0x080002cc   0x080002cc   0x00000002   Code   RO         6835    .ARM.Collect$$libinit$$00000000  c_w.l(libinit.o)
    0x080002ce   0x080002ce   0x00000004   Code   RO         6852    .ARM.Collect$$libinit$$00000001  c_w.l(libinit2.o)
    0x080002d2   0x080002d2   0x00000000   Code   RO         6855    .ARM.Collect$$libinit$$00000004  c_w.l(libinit2.o)
    0x080002d2   0x080002d2   0x00000000   Code   RO         6858    .ARM.Collect$$libinit$$0000000A  c_w.l(libinit2.o)
    0x080002d2   0x080002d2   0x00000000   Code   RO         6860    .ARM.Collect$$libinit$$0000000C  c_w.l(libinit2.o)
    0x080002d2   0x080002d2   0x00000000   Code   RO         6862    .ARM.Collect$$libinit$$0000000E  c_w.l(libinit2.o)
    0x080002d2   0x080002d2   0x00000006   Code   RO         6863    .ARM.Collect$$libinit$$0000000F  c_w.l(libinit2.o)
    0x080002d8   0x080002d8   0x00000000   Code   RO         6865    .ARM.Collect$$libinit$$00000011  c_w.l(libinit2.o)
    0x080002d8   0x080002d8   0x0000000c   Code   RO         6866    .ARM.Collect$$libinit$$00000012  c_w.l(libinit2.o)
    0x080002e4   0x080002e4   0x00000000   Code   RO         6867    .ARM.Collect$$libinit$$00000013  c_w.l(libinit2.o)
    0x080002e4   0x080002e4   0x00000000   Code   RO         6869    .ARM.Collect$$libinit$$00000015  c_w.l(libinit2.o)
    0x080002e4   0x080002e4   0x0000000a   Code   RO         6870    .ARM.Collect$$libinit$$00000016  c_w.l(libinit2.o)
    0x080002ee   0x080002ee   0x00000000   Code   RO         6871    .ARM.Collect$$libinit$$00000017  c_w.l(libinit2.o)
    0x080002ee   0x080002ee   0x00000000   Code   RO         6873    .ARM.Collect$$libinit$$00000019  c_w.l(libinit2.o)
    0x080002ee   0x080002ee   0x00000000   Code   RO         6875    .ARM.Collect$$libinit$$0000001B  c_w.l(libinit2.o)
    0x080002ee   0x080002ee   0x00000000   Code   RO         6877    .ARM.Collect$$libinit$$0000001D  c_w.l(libinit2.o)
    0x080002ee   0x080002ee   0x00000000   Code   RO         6879    .ARM.Collect$$libinit$$0000001F  c_w.l(libinit2.o)
    0x080002ee   0x080002ee   0x00000000   Code   RO         6881    .ARM.Collect$$libinit$$00000021  c_w.l(libinit2.o)
    0x080002ee   0x080002ee   0x00000000   Code   RO         6883    .ARM.Collect$$libinit$$00000023  c_w.l(libinit2.o)
    0x080002ee   0x080002ee   0x00000000   Code   RO         6885    .ARM.Collect$$libinit$$00000025  c_w.l(libinit2.o)
    0x080002ee   0x080002ee   0x00000000   Code   RO         6889    .ARM.Collect$$libinit$$0000002C  c_w.l(libinit2.o)
    0x080002ee   0x080002ee   0x00000000   Code   RO         6891    .ARM.Collect$$libinit$$0000002E  c_w.l(libinit2.o)
    0x080002ee   0x080002ee   0x00000000   Code   RO         6893    .ARM.Collect$$libinit$$00000030  c_w.l(libinit2.o)
    0x080002ee   0x080002ee   0x00000000   Code   RO         6895    .ARM.Collect$$libinit$$00000032  c_w.l(libinit2.o)
    0x080002ee   0x080002ee   0x00000002   Code   RO         6896    .ARM.Collect$$libinit$$00000033  c_w.l(libinit2.o)
    0x080002f0   0x080002f0   0x00000002   Code   RO         6924    .ARM.Collect$$libshutdown$$00000000  c_w.l(libshutdown.o)
    0x080002f2   0x080002f2   0x00000000   Code   RO         6938    .ARM.Collect$$libshutdown$$00000002  c_w.l(libshutdown2.o)
    0x080002f2   0x080002f2   0x00000000   Code   RO         6940    .ARM.Collect$$libshutdown$$00000004  c_w.l(libshutdown2.o)
    0x080002f2   0x080002f2   0x00000000   Code   RO         6942    .ARM.Collect$$libshutdown$$00000006  c_w.l(libshutdown2.o)
    0x080002f2   0x080002f2   0x00000000   Code   RO         6945    .ARM.Collect$$libshutdown$$00000009  c_w.l(libshutdown2.o)
    0x080002f2   0x080002f2   0x00000000   Code   RO         6948    .ARM.Collect$$libshutdown$$0000000C  c_w.l(libshutdown2.o)
    0x080002f2   0x080002f2   0x00000000   Code   RO         6950    .ARM.Collect$$libshutdown$$0000000E  c_w.l(libshutdown2.o)
    0x080002f2   0x080002f2   0x00000000   Code   RO         6953    .ARM.Collect$$libshutdown$$00000011  c_w.l(libshutdown2.o)
    0x080002f2   0x080002f2   0x00000002   Code   RO         6954    .ARM.Collect$$libshutdown$$00000012  c_w.l(libshutdown2.o)
    0x080002f4   0x080002f4   0x00000000   Code   RO         6683    .ARM.Collect$$rtentry$$00000000  c_w.l(__rtentry.o)
    0x080002f4   0x080002f4   0x00000000   Code   RO         6752    .ARM.Collect$$rtentry$$00000002  c_w.l(__rtentry2.o)
    0x080002f4   0x080002f4   0x00000006   Code   RO         6764    .ARM.Collect$$rtentry$$00000004  c_w.l(__rtentry4.o)
    0x080002fa   0x080002fa   0x00000000   Code   RO         6754    .ARM.Collect$$rtentry$$00000009  c_w.l(__rtentry2.o)
    0x080002fa   0x080002fa   0x00000004   Code   RO         6755    .ARM.Collect$$rtentry$$0000000A  c_w.l(__rtentry2.o)
    0x080002fe   0x080002fe   0x00000000   Code   RO         6757    .ARM.Collect$$rtentry$$0000000C  c_w.l(__rtentry2.o)
    0x080002fe   0x080002fe   0x00000008   Code   RO         6758    .ARM.Collect$$rtentry$$0000000D  c_w.l(__rtentry2.o)
    0x08000306   0x08000306   0x00000002   Code   RO         6843    .ARM.Collect$$rtexit$$00000000  c_w.l(rtexit.o)
    0x08000308   0x08000308   0x00000000   Code   RO         6898    .ARM.Collect$$rtexit$$00000002  c_w.l(rtexit2.o)
    0x08000308   0x08000308   0x00000004   Code   RO         6899    .ARM.Collect$$rtexit$$00000003  c_w.l(rtexit2.o)
    0x0800030c   0x0800030c   0x00000006   Code   RO         6900    .ARM.Collect$$rtexit$$00000004  c_w.l(rtexit2.o)
    0x08000312   0x08000312   0x00000002   PAD
    0x08000314   0x08000314   0x00000008   Code   RO          892    .emb_text           sdio_sdcard.o
    0x0800031c   0x0800031c   0x000000be   Code   RO         6496    .emb_text           port.o
    0x080003da   0x080003da   0x00000002   PAD
    0x080003dc   0x080003dc   0x0000003c   Code   RO         4524    .text               startup_stm32f40xx.o
    0x08000418   0x08000418   0x00000016   Code   RO         5568    .text               asmmisc.o
    0x0800042e   0x0800042e   0x00000002   PAD
    0x08000430   0x08000430   0x0000080e   Code   RO         5572    .text               asmpoly_thumb2.o
    0x08000c3e   0x08000c3e   0x00000002   Code   RO         6575    .text               c_w.l(use_no_semi_2.o)
    0x08000c40   0x08000c40   0x00000048   Code   RO         6577    .text               c_w.l(llsdiv.o)
    0x08000c88   0x08000c88   0x00000024   Code   RO         6579    .text               c_w.l(vsprintf.o)
    0x08000cac   0x08000cac   0x00000018   Code   RO         6581    .text               c_w.l(__2printf.o)
    0x08000cc4   0x08000cc4   0x0000002c   Code   RO         6583    .text               c_w.l(__2sprintf.o)
    0x08000cf0   0x08000cf0   0x00000052   Code   RO         6591    .text               c_w.l(_printf_str.o)
    0x08000d42   0x08000d42   0x00000002   PAD
    0x08000d44   0x08000d44   0x00000078   Code   RO         6593    .text               c_w.l(_printf_dec.o)
    0x08000dbc   0x08000dbc   0x00000094   Code   RO         6613    .text               c_w.l(_printf_hex_int_ll_ptr.o)
    0x08000e50   0x08000e50   0x00000188   Code   RO         6633    .text               c_w.l(__printf_flags_ss_wp.o)
    0x08000fd8   0x08000fd8   0x00000024   Code   RO         6641    .text               c_w.l(strstr.o)
    0x08000ffc   0x08000ffc   0x0000003e   Code   RO         6645    .text               c_w.l(strlen.o)
    0x0800103a   0x0800103a   0x0000008a   Code   RO         6647    .text               c_w.l(rt_memcpy_v6.o)
    0x080010c4   0x080010c4   0x00000084   Code   RO         6649    .text               c_w.l(rt_memmove_v6.o)
    0x08001148   0x08001148   0x00000010   Code   RO         6651    .text               c_w.l(aeabi_memset.o)
    0x08001158   0x08001158   0x00000044   Code   RO         6653    .text               c_w.l(rt_memclr.o)
    0x0800119c   0x0800119c   0x0000004e   Code   RO         6655    .text               c_w.l(rt_memclr_w.o)
    0x080011ea   0x080011ea   0x00000002   PAD
    0x080011ec   0x080011ec   0x00000080   Code   RO         6657    .text               c_w.l(strcmpv7m.o)
    0x0800126c   0x0800126c   0x00000006   Code   RO         6659    .text               c_w.l(heapauxi.o)
    0x08001272   0x08001272   0x00000002   Code   RO         6681    .text               c_w.l(use_no_semi.o)
    0x08001274   0x08001274   0x000000ee   Code   RO         6684    .text               c_w.l(lludivv7m.o)
    0x08001362   0x08001362   0x0000004e   Code   RO         6686    .text               c_w.l(_printf_pad.o)
    0x080013b0   0x080013b0   0x00000024   Code   RO         6688    .text               c_w.l(_printf_truncate.o)
    0x080013d4   0x080013d4   0x000000b2   Code   RO         6690    .text               c_w.l(_printf_intcommon.o)
    0x08001486   0x08001486   0x00000028   Code   RO         6692    .text               c_w.l(_printf_charcount.o)
    0x080014ae   0x080014ae   0x00000002   PAD
    0x080014b0   0x080014b0   0x00000030   Code   RO         6694    .text               c_w.l(_printf_char_common.o)
    0x080014e0   0x080014e0   0x0000000a   Code   RO         6696    .text               c_w.l(_sputc.o)
    0x080014ea   0x080014ea   0x0000002c   Code   RO         6698    .text               c_w.l(_printf_char.o)
    0x08001516   0x08001516   0x00000002   PAD
    0x08001518   0x08001518   0x00000024   Code   RO         6700    .text               c_w.l(_printf_char_file.o)
    0x0800153c   0x0800153c   0x000000bc   Code   RO         6702    .text               c_w.l(_printf_wctomb.o)
    0x080015f8   0x080015f8   0x0000007c   Code   RO         6705    .text               c_w.l(_printf_longlong_dec.o)
    0x08001674   0x08001674   0x00000070   Code   RO         6711    .text               c_w.l(_printf_oct_int_ll.o)
    0x080016e4   0x080016e4   0x00000064   Code   RO         6732    .text               c_w.l(rt_memcpy_w.o)
    0x08001748   0x08001748   0x0000007a   Code   RO         6734    .text               c_w.l(rt_memmove_w.o)
    0x080017c2   0x080017c2   0x0000008a   Code   RO         6770    .text               c_w.l(lludiv10.o)
    0x0800184c   0x0800184c   0x0000041e   Code   RO         6772    .text               c_w.l(_printf_fp_dec.o)
    0x08001c6a   0x08001c6a   0x00000002   PAD
    0x08001c6c   0x08001c6c   0x000002fc   Code   RO         6774    .text               c_w.l(_printf_fp_hex.o)
    0x08001f68   0x08001f68   0x0000002c   Code   RO         6779    .text               c_w.l(_printf_wchar.o)
    0x08001f94   0x08001f94   0x00000008   Code   RO         6781    .text               c_w.l(ferror.o)
    0x08001f9c   0x08001f9c   0x00000040   Code   RO         6785    .text               c_w.l(_wcrtomb.o)
    0x08001fdc   0x08001fdc   0x0000004a   Code   RO         6787    .text               c_w.l(sys_stackheap_outer.o)
    0x08002026   0x08002026   0x00000002   PAD
    0x08002028   0x08002028   0x00000010   Code   RO         6789    .text               c_w.l(rt_ctype_table.o)
    0x08002038   0x08002038   0x00000008   Code   RO         6796    .text               c_w.l(rt_locale_intlibspace.o)
    0x08002040   0x08002040   0x00000080   Code   RO         6798    .text               c_w.l(_printf_fp_infnan.o)
    0x080020c0   0x080020c0   0x000000e4   Code   RO         6800    .text               c_w.l(bigflt0.o)
    0x080021a4   0x080021a4   0x00000012   Code   RO         6828    .text               c_w.l(exit.o)
    0x080021b6   0x080021b6   0x00000002   PAD
    0x080021b8   0x080021b8   0x00000008   Code   RO         6840    .text               c_w.l(libspace.o)
    0x080021c0   0x080021c0   0x0000003e   Code   RO         6803    CL$$btod_d2e        c_w.l(btod.o)
    0x080021fe   0x080021fe   0x00000046   Code   RO         6805    CL$$btod_d2e_denorm_low  c_w.l(btod.o)
    0x08002244   0x08002244   0x00000060   Code   RO         6804    CL$$btod_d2e_norm_op1  c_w.l(btod.o)
    0x080022a4   0x080022a4   0x00000338   Code   RO         6813    CL$$btod_div_common  c_w.l(btod.o)
    0x080025dc   0x080025dc   0x000000dc   Code   RO         6810    CL$$btod_e2e        c_w.l(btod.o)
    0x080026b8   0x080026b8   0x0000002a   Code   RO         6807    CL$$btod_ediv       c_w.l(btod.o)
    0x080026e2   0x080026e2   0x0000002a   Code   RO         6806    CL$$btod_emul       c_w.l(btod.o)
    0x0800270c   0x0800270c   0x00000244   Code   RO         6812    CL$$btod_mult_common  c_w.l(btod.o)
    0x08002950   0x08002950   0x00000014   Code   RO         4075    i.ADC_Cmd           stm32f4xx_adc.o
    0x08002964   0x08002964   0x0000002c   Code   RO         4076    i.ADC_CommonInit    stm32f4xx_adc.o
    0x08002990   0x08002990   0x00000006   Code   RO         4087    i.ADC_GetConversionValue  stm32f4xx_adc.o
    0x08002996   0x08002996   0x0000000e   Code   RO         4088    i.ADC_GetFlagStatus  stm32f4xx_adc.o
    0x080029a4   0x080029a4   0x0000004c   Code   RO         4095    i.ADC_Init          stm32f4xx_adc.o
    0x080029f0   0x080029f0   0x00000074   Code   RO         4100    i.ADC_RegularChannelConfig  stm32f4xx_adc.o
    0x08002a64   0x08002a64   0x0000000a   Code   RO         4102    i.ADC_SoftwareStartConv  stm32f4xx_adc.o
    0x08002a6e   0x08002a6e   0x00000002   PAD
    0x08002a70   0x08002a70   0x00000040   Code   RO            4    i.ADJUST_task       main.o
    0x08002ab0   0x08002ab0   0x00000098   Code   RO         1187    i.Adc_Init          adc.o
    0x08002b48   0x08002b48   0x0000021c   Code   RO         5433    i.AntiAlias         imdct.o
    0x08002d64   0x08002d64   0x0000002c   Code   RO            5    i.AutoReloadCallback  main.o
    0x08002d90   0x08002d90   0x00000002   Code   RO          777    i.BusFault_Handler  stm32f4xx_it.o
    0x08002d92   0x08002d92   0x00000016   Code   RO         5349    i.CLZ               dequant.o
    0x08002da8   0x08002da8   0x00000016   Code   RO         5369    i.CLZ               dqchan.o
    0x08002dbe   0x08002dbe   0x00000010   Code   RO         5308    i.ClearBuffer       buffers.o
    0x08002dce   0x08002dce   0x0000002a   Code   RO          893    i.CmdError          sdio_sdcard.o
    0x08002df8   0x08002df8   0x00000058   Code   RO          894    i.CmdResp1Error     sdio_sdcard.o
    0x08002e50   0x08002e50   0x00000048   Code   RO          895    i.CmdResp2Error     sdio_sdcard.o
    0x08002e98   0x08002e98   0x00000030   Code   RO          896    i.CmdResp3Error     sdio_sdcard.o
    0x08002ec8   0x08002ec8   0x0000007c   Code   RO          897    i.CmdResp6Error     sdio_sdcard.o
    0x08002f44   0x08002f44   0x0000003c   Code   RO          898    i.CmdResp7Error     sdio_sdcard.o
    0x08002f80   0x08002f80   0x00000018   Code   RO         3753    i.DAC_Cmd           stm32f4xx_dac.o
    0x08002f98   0x08002f98   0x00000170   Code   RO          837    i.DAC_Config        dac.o
    0x08003108   0x08003108   0x00000018   Code   RO         3754    i.DAC_DMACmd        stm32f4xx_dac.o
    0x08003120   0x08003120   0x00000050   Code   RO          838    i.DAC_DMA_Start     dac.o
    0x08003170   0x08003170   0x0000001c   Code   RO          839    i.DAC_DMA_Stop      dac.o
    0x0800318c   0x0800318c   0x00000028   Code   RO         3761    i.DAC_Init          stm32f4xx_dac.o
    0x080031b4   0x080031b4   0x00000058   Code   RO          377    i.DMA1_Stream6_IRQHandler  mp3player.o
    0x0800320c   0x0800320c   0x0000002c   Code   RO         3620    i.DMA_ClearITPendingBit  stm32f4xx_dma.o
    0x08003238   0x08003238   0x00000014   Code   RO         3621    i.DMA_Cmd           stm32f4xx_dma.o
    0x0800324c   0x0800324c   0x00000124   Code   RO         3622    i.DMA_DeInit        stm32f4xx_dma.o
    0x08003370   0x08003370   0x00000014   Code   RO         3625    i.DMA_FlowControllerConfig  stm32f4xx_dma.o
    0x08003384   0x08003384   0x0000000e   Code   RO         3626    i.DMA_GetCmdStatus  stm32f4xx_dma.o
    0x08003392   0x08003392   0x00000002   PAD
    0x08003394   0x08003394   0x00000054   Code   RO         3631    i.DMA_GetITStatus   stm32f4xx_dma.o
    0x080033e8   0x080033e8   0x0000002c   Code   RO         3632    i.DMA_ITConfig      stm32f4xx_dma.o
    0x08003414   0x08003414   0x00000054   Code   RO         3633    i.DMA_Init          stm32f4xx_dma.o
    0x08003468   0x08003468   0x00000004   Code   RO         3636    i.DMA_SetCurrDataCounter  stm32f4xx_dma.o
    0x0800346c   0x0800346c   0x00000022   Code   RO         3637    i.DMA_StructInit    stm32f4xx_dma.o
    0x0800348e   0x0800348e   0x00000002   Code   RO          778    i.DebugMon_Handler  stm32f4xx_it.o
    0x08003490   0x08003490   0x00000320   Code   RO         5393    i.DecodeHuffmanPairs  huffman.o
    0x080037b0   0x080037b0   0x00000144   Code   RO         5394    i.DecodeHuffmanQuads  huffman.o
    0x080038f4   0x080038f4   0x00000188   Code   RO         5370    i.DequantBlock      dqchan.o
    0x08003a7c   0x08003a7c   0x0000013c   Code   RO          899    i.FindSCR           sdio_sdcard.o
    0x08003bb8   0x08003bb8   0x0000016a   Code   RO         5434    i.FreqInvertRescale  imdct.o
    0x08003d22   0x08003d22   0x000000a2   Code   RO         2437    i.GPIO_Init         stm32f4xx_gpio.o
    0x08003dc4   0x08003dc4   0x00000020   Code   RO         2438    i.GPIO_PinAFConfig  stm32f4xx_gpio.o
    0x08003de4   0x08003de4   0x0000000e   Code   RO         2441    i.GPIO_ReadInputDataBit  stm32f4xx_gpio.o
    0x08003df2   0x08003df2   0x00000006   Code   RO         2444    i.GPIO_ResetBits    stm32f4xx_gpio.o
    0x08003df8   0x08003df8   0x00000004   Code   RO         2445    i.GPIO_SetBits      stm32f4xx_gpio.o
    0x08003dfc   0x08003dfc   0x00000008   Code   RO         2447    i.GPIO_ToggleBits   stm32f4xx_gpio.o
    0x08003e04   0x08003e04   0x00000030   Code   RO         1188    i.Get_charge        adc.o
    0x08003e34   0x08003e34   0x00000030   Code   RO         1189    i.Get_charge_value  adc.o
    0x08003e64   0x08003e64   0x00000002   Code   RO          779    i.HardFault_Handler  stm32f4xx_it.o
    0x08003e66   0x08003e66   0x00000002   PAD
    0x08003e68   0x08003e68   0x0000014c   Code   RO         5435    i.HybridTransform   imdct.o
    0x08003fb4   0x08003fb4   0x00000040   Code   RO         1650    i.IIC_Ack           myiic.o
    0x08003ff4   0x08003ff4   0x00000044   Code   RO         1651    i.IIC_Init          myiic.o
    0x08004038   0x08004038   0x00000044   Code   RO         1652    i.IIC_NAck          myiic.o
    0x0800407c   0x0800407c   0x00000064   Code   RO         1653    i.IIC_Read_Byte     myiic.o
    0x080040e0   0x080040e0   0x0000005c   Code   RO         1654    i.IIC_Send_Byte     myiic.o
    0x0800413c   0x0800413c   0x00000044   Code   RO         1655    i.IIC_Start         myiic.o
    0x08004180   0x08004180   0x00000044   Code   RO         1656    i.IIC_Stop          myiic.o
    0x080041c4   0x080041c4   0x0000005c   Code   RO         1657    i.IIC_Wait_Ack      myiic.o
    0x08004220   0x08004220   0x000001b8   Code   RO         5436    i.IMDCT12x3         imdct.o
    0x080043d8   0x080043d8   0x000001dc   Code   RO         5437    i.IMDCT36           imdct.o
    0x080045b4   0x080045b4   0x00000060   Code   RO            6    i.INPUT_task        main.o
    0x08004614   0x08004614   0x0000008c   Code   RO          900    i.IsCardProgramming  sdio_sdcard.o
    0x080046a0   0x080046a0   0x00000030   Code   RO         1360    i.KEY_Init          key.o
    0x080046d0   0x080046d0   0x0000008c   Code   RO         1361    i.KEY_Scan          key.o
    0x0800475c   0x0800475c   0x0000003a   Code   RO         2134    i.LCD_Address_Set   lcd_init.o
    0x08004796   0x08004796   0x00000016   Code   RO         1912    i.LCD_DrawPoint     lcd.o
    0x080047ac   0x080047ac   0x0000003e   Code   RO         1914    i.LCD_Fill          lcd.o
    0x080047ea   0x080047ea   0x00000002   PAD
    0x080047ec   0x080047ec   0x00000038   Code   RO         2135    i.LCD_GPIO_Init     lcd_init.o
    0x08004824   0x08004824   0x000001e0   Code   RO         2136    i.LCD_Init          lcd_init.o
    0x08004a04   0x08004a04   0x0000010c   Code   RO         1915    i.LCD_ShowChar      lcd.o
    0x08004b10   0x08004b10   0x00000042   Code   RO         1916    i.LCD_ShowChinese   lcd.o
    0x08004b52   0x08004b52   0x00000002   PAD
    0x08004b54   0x08004b54   0x000000f8   Code   RO         1917    i.LCD_ShowChinese24x24  lcd.o
    0x08004c4c   0x08004c4c   0x0000007e   Code   RO         1919    i.LCD_ShowIntNum    lcd.o
    0x08004cca   0x08004cca   0x00000050   Code   RO         1920    i.LCD_ShowPicture   lcd.o
    0x08004d1a   0x08004d1a   0x0000003a   Code   RO         1921    i.LCD_ShowString    lcd.o
    0x08004d54   0x08004d54   0x00000014   Code   RO         2137    i.LCD_WR_DATA       lcd_init.o
    0x08004d68   0x08004d68   0x00000004   Code   RO         2138    i.LCD_WR_DATA8      lcd_init.o
    0x08004d6c   0x08004d6c   0x00000024   Code   RO         2139    i.LCD_WR_REG        lcd_init.o
    0x08004d90   0x08004d90   0x00000024   Code   RO         2140    i.LCD_Writ_Bus      lcd_init.o
    0x08004db4   0x08004db4   0x00000024   Code   RO            7    i.LCD_task          main.o
    0x08004dd8   0x08004dd8   0x0000003c   Code   RO          578    i.LED_Init          led.o
    0x08004e14   0x08004e14   0x000000ac   Code   RO            8    i.LED_task          main.o
    0x08004ec0   0x08004ec0   0x00000026   Code   RO         5179    i.MP3ClearBadFrame  mp3dec.o
    0x08004ee6   0x08004ee6   0x00000002   PAD
    0x08004ee8   0x08004ee8   0x00000198   Code   RO          378    i.MP3DataDecoder    mp3player.o
    0x08005080   0x08005080   0x00000302   Code   RO         5180    i.MP3Decode         mp3dec.o
    0x08005382   0x08005382   0x0000002c   Code   RO         5181    i.MP3FindSyncWord   mp3dec.o
    0x080053ae   0x080053ae   0x0000000a   Code   RO         5182    i.MP3FreeDecoder    mp3dec.o
    0x080053b8   0x080053b8   0x00000064   Code   RO         5183    i.MP3GetLastFrameInfo  mp3dec.o
    0x0800541c   0x0800541c   0x00000004   Code   RO         5185    i.MP3InitDecoder    mp3dec.o
    0x08005420   0x08005420   0x00000076   Code   RO         1554    i.MPU_Init          mpu6050.o
    0x08005496   0x08005496   0x0000003a   Code   RO         1555    i.MPU_Read_Byte     mpu6050.o
    0x080054d0   0x080054d0   0x0000000a   Code   RO         1557    i.MPU_Set_Accel_Fsr  mpu6050.o
    0x080054da   0x080054da   0x0000000a   Code   RO         1558    i.MPU_Set_Gyro_Fsr  mpu6050.o
    0x080054e4   0x080054e4   0x00000030   Code   RO         1559    i.MPU_Set_LPF       mpu6050.o
    0x08005514   0x08005514   0x0000002e   Code   RO         1560    i.MPU_Set_Rate      mpu6050.o
    0x08005542   0x08005542   0x0000003c   Code   RO         1561    i.MPU_Write_Byte    mpu6050.o
    0x0800557e   0x0800557e   0x00000002   PAD
    0x08005580   0x08005580   0x0000001c   Code   RO            9    i.MUSIC_task        main.o
    0x0800559c   0x0800559c   0x00000002   Code   RO          780    i.MemManage_Handler  stm32f4xx_it.o
    0x0800559e   0x0800559e   0x00000002   Code   RO          781    i.NMI_Handler       stm32f4xx_it.o
    0x080055a0   0x080055a0   0x00000064   Code   RO         2388    i.NVIC_Init         misc.o
    0x08005604   0x08005604   0x00000014   Code   RO         2389    i.NVIC_PriorityGroupConfig  misc.o
    0x08005618   0x08005618   0x000000b4   Code   RO         2340    i.PWM_Init          pwm.o
    0x080056cc   0x080056cc   0x00000018   Code   RO         2538    i.RCC_AHB1PeriphClockCmd  stm32f4xx_rcc.o
    0x080056e4   0x080056e4   0x00000018   Code   RO         2547    i.RCC_APB1PeriphClockCmd  stm32f4xx_rcc.o
    0x080056fc   0x080056fc   0x00000018   Code   RO         2549    i.RCC_APB1PeriphResetCmd  stm32f4xx_rcc.o
    0x08005714   0x08005714   0x00000018   Code   RO         2550    i.RCC_APB2PeriphClockCmd  stm32f4xx_rcc.o
    0x0800572c   0x0800572c   0x00000018   Code   RO         2552    i.RCC_APB2PeriphResetCmd  stm32f4xx_rcc.o
    0x08005744   0x08005744   0x00000090   Code   RO         2559    i.RCC_GetClocksFreq  stm32f4xx_rcc.o
    0x080057d4   0x080057d4   0x00000070   Code   RO         5254    i.RefillBitstreamCache  bitstream.o
    0x08005844   0x08005844   0x0000008c   Code   RO          901    i.SDEnWideBus       sdio_sdcard.o
    0x080058d0   0x080058d0   0x0000000c   Code   RO         3872    i.SDIO_ClearFlag    stm32f4xx_sdio.o
    0x080058dc   0x080058dc   0x00000014   Code   RO          902    i.SDIO_Clock_Set    sdio_sdcard.o
    0x080058f0   0x080058f0   0x00000030   Code   RO         3878    i.SDIO_DataConfig   stm32f4xx_sdio.o
    0x08005920   0x08005920   0x00000014   Code   RO         3884    i.SDIO_GetFlagStatus  stm32f4xx_sdio.o
    0x08005934   0x08005934   0x00000010   Code   RO         3886    i.SDIO_GetPowerState  stm32f4xx_sdio.o
    0x08005944   0x08005944   0x00000004   Code   RO          903    i.SDIO_IRQHandler   sdio_sdcard.o
    0x08005948   0x08005948   0x0000002c   Code   RO         3889    i.SDIO_Init         stm32f4xx_sdio.o
    0x08005974   0x08005974   0x00000038   Code   RO          904    i.SDIO_Register_Deinit  sdio_sdcard.o
    0x080059ac   0x080059ac   0x00000028   Code   RO         3892    i.SDIO_SendCommand  stm32f4xx_sdio.o
    0x080059d4   0x080059d4   0x0000000c   Code   RO         3894    i.SDIO_SetPowerState  stm32f4xx_sdio.o
    0x080059e0   0x080059e0   0x00000078   Code   RO          905    i.SD_DMA_Config     sdio_sdcard.o
    0x08005a58   0x08005a58   0x0000004c   Code   RO          906    i.SD_EnableWideBusOperation  sdio_sdcard.o
    0x08005aa4   0x08005aa4   0x00000210   Code   RO          907    i.SD_GetCardInfo    sdio_sdcard.o
    0x08005cb4   0x08005cb4   0x00000134   Code   RO          909    i.SD_Init           sdio_sdcard.o
    0x08005de8   0x08005de8   0x0000011c   Code   RO          910    i.SD_InitializeCards  sdio_sdcard.o
    0x08005f04   0x08005f04   0x00000184   Code   RO          912    i.SD_PowerON        sdio_sdcard.o
    0x08006088   0x08006088   0x000000f0   Code   RO          913    i.SD_ProcessIRQSrc  sdio_sdcard.o
    0x08006178   0x08006178   0x00000208   Code   RO          914    i.SD_ReadBlock      sdio_sdcard.o
    0x08006380   0x08006380   0x00000078   Code   RO          915    i.SD_ReadDisk       sdio_sdcard.o
    0x080063f8   0x080063f8   0x0000026c   Code   RO          916    i.SD_ReadMultiBlocks  sdio_sdcard.o
    0x08006664   0x08006664   0x0000002c   Code   RO          917    i.SD_SelectDeselect  sdio_sdcard.o
    0x08006690   0x08006690   0x00000018   Code   RO          919    i.SD_SetDeviceMode  sdio_sdcard.o
    0x080066a8   0x080066a8   0x000002e0   Code   RO          920    i.SD_WriteBlock     sdio_sdcard.o
    0x08006988   0x08006988   0x00000070   Code   RO          921    i.SD_WriteDisk      sdio_sdcard.o
    0x080069f8   0x080069f8   0x0000030c   Code   RO          922    i.SD_WriteMultiBlocks  sdio_sdcard.o
    0x08006d04   0x08006d04   0x000000bc   Code   RO         2200    i.SPI2_Init         spi.o
    0x08006dc0   0x08006dc0   0x00000050   Code   RO         2201    i.SPI2_ReadWriteByte  spi.o
    0x08006e10   0x08006e10   0x00000014   Code   RO         4321    i.SPI_Cmd           stm32f4xx_spi.o
    0x08006e24   0x08006e24   0x0000000e   Code   RO         4329    i.SPI_I2S_GetFlagStatus  stm32f4xx_spi.o
    0x08006e32   0x08006e32   0x00000004   Code   RO         4332    i.SPI_I2S_ReceiveData  stm32f4xx_spi.o
    0x08006e36   0x08006e36   0x00000004   Code   RO         4333    i.SPI_I2S_SendData  stm32f4xx_spi.o
    0x08006e3a   0x08006e3a   0x00000038   Code   RO         4334    i.SPI_Init          stm32f4xx_spi.o
    0x08006e72   0x08006e72   0x00000002   PAD
    0x08006e74   0x08006e74   0x000000b4   Code   RO         4483    i.SetSysClock       system_stm32f4xx.o
    0x08006f28   0x08006f28   0x00000018   Code   RO         2392    i.SysTick_CLKSourceConfig  misc.o
    0x08006f40   0x08006f40   0x0000002c   Code   RO         6497    i.SysTick_Handler   port.o
    0x08006f6c   0x08006f6c   0x0000005c   Code   RO         4485    i.SystemInit        system_stm32f4xx.o
    0x08006fc8   0x08006fc8   0x000000b8   Code   RO         2341    i.TIM2_PWM_Init     pwm.o
    0x08007080   0x08007080   0x00000038   Code   RO         1830    i.TIM7_IRQHandler   time7.o
    0x080070b8   0x080070b8   0x0000005c   Code   RO         1831    i.TIM7_Int_Init     time7.o
    0x08007114   0x08007114   0x00000014   Code   RO         2878    i.TIM_ARRPreloadConfig  stm32f4xx_tim.o
    0x08007128   0x08007128   0x00000006   Code   RO         2885    i.TIM_ClearITPendingBit  stm32f4xx_tim.o
    0x0800712e   0x0800712e   0x00000014   Code   RO         2890    i.TIM_Cmd           stm32f4xx_tim.o
    0x08007142   0x08007142   0x00000016   Code   RO         2892    i.TIM_CtrlPWMOutputs  stm32f4xx_tim.o
    0x08007158   0x08007158   0x00000018   Code   RO         2911    i.TIM_GetITStatus   stm32f4xx_tim.o
    0x08007170   0x08007170   0x00000010   Code   RO         2915    i.TIM_ITConfig      stm32f4xx_tim.o
    0x08007180   0x08007180   0x00000080   Code   RO         2924    i.TIM_OC2Init       stm32f4xx_tim.o
    0x08007200   0x08007200   0x00000014   Code   RO         2927    i.TIM_OC2PreloadConfig  stm32f4xx_tim.o
    0x08007214   0x08007214   0x0000007c   Code   RO         2929    i.TIM_OC3Init       stm32f4xx_tim.o
    0x08007290   0x08007290   0x0000000c   Code   RO         2932    i.TIM_OC3PreloadConfig  stm32f4xx_tim.o
    0x0800729c   0x0800729c   0x00000060   Code   RO         2934    i.TIM_OC4Init       stm32f4xx_tim.o
    0x080072fc   0x080072fc   0x00000014   Code   RO         2936    i.TIM_OC4PreloadConfig  stm32f4xx_tim.o
    0x08007310   0x08007310   0x00000010   Code   RO         2948    i.TIM_SelectOutputTrigger  stm32f4xx_tim.o
    0x08007320   0x08007320   0x00000004   Code   RO         2950    i.TIM_SetAutoreload  stm32f4xx_tim.o
    0x08007324   0x08007324   0x00000004   Code   RO         2953    i.TIM_SetCompare2   stm32f4xx_tim.o
    0x08007328   0x08007328   0x00000004   Code   RO         2954    i.TIM_SetCompare3   stm32f4xx_tim.o
    0x0800732c   0x0800732c   0x00000004   Code   RO         2955    i.TIM_SetCompare4   stm32f4xx_tim.o
    0x08007330   0x08007330   0x00000004   Code   RO         2956    i.TIM_SetCounter    stm32f4xx_tim.o
    0x08007334   0x08007334   0x0000007c   Code   RO         2962    i.TIM_TimeBaseInit  stm32f4xx_tim.o
    0x080073b0   0x080073b0   0x00000012   Code   RO         2963    i.TIM_TimeBaseStructInit  stm32f4xx_tim.o
    0x080073c2   0x080073c2   0x00000002   PAD
    0x080073c4   0x080073c4   0x00000064   Code   RO          605    i.USART1_IRQHandler  usart.o
    0x08007428   0x08007428   0x0000006c   Code   RO         1776    i.USART3_IRQHandler  usart3.o
    0x08007494   0x08007494   0x00000064   Code   RO          606    i.USART6_IRQHandler  usart.o
    0x080074f8   0x080074f8   0x00000006   Code   RO         3427    i.USART_ClearFlag   stm32f4xx_usart.o
    0x080074fe   0x080074fe   0x00000014   Code   RO         3431    i.USART_Cmd         stm32f4xx_usart.o
    0x08007512   0x08007512   0x0000000e   Code   RO         3434    i.USART_GetFlagStatus  stm32f4xx_usart.o
    0x08007520   0x08007520   0x0000003e   Code   RO         3435    i.USART_GetITStatus  stm32f4xx_usart.o
    0x0800755e   0x0800755e   0x00000030   Code   RO         3437    i.USART_ITConfig    stm32f4xx_usart.o
    0x0800758e   0x0800758e   0x00000002   PAD
    0x08007590   0x08007590   0x000000ac   Code   RO         3438    i.USART_Init        stm32f4xx_usart.o
    0x0800763c   0x0800763c   0x00000008   Code   RO         3445    i.USART_ReceiveData  stm32f4xx_usart.o
    0x08007644   0x08007644   0x00000008   Code   RO         3448    i.USART_SendData    stm32f4xx_usart.o
    0x0800764c   0x0800764c   0x0000016c   Code   RO         5488    i.UnpackSFMPEG1     scalfact.o
    0x080077b8   0x080077b8   0x00000240   Code   RO         5489    i.UnpackSFMPEG2     scalfact.o
    0x080079f8   0x080079f8   0x00000002   Code   RO          782    i.UsageFault_Handler  stm32f4xx_it.o
    0x080079fa   0x080079fa   0x00000002   PAD
    0x080079fc   0x080079fc   0x00000064   Code   RO           10    i.WIFI_task         main.o
    0x08007a60   0x08007a60   0x00000130   Code   RO         5438    i.WinPrevious       imdct.o
    0x08007b90   0x08007b90   0x00000030   Code   RO         6838    i.__ARM_fpclassify  m_wm.l(fpclassify.o)
    0x08007bc0   0x08007bc0   0x0000000e   Code   RO         6626    i._is_digit         c_w.l(__printf_wp.o)
    0x08007bce   0x08007bce   0x00000002   Code   RO          607    i._sys_exit         usart.o
    0x08007bd0   0x08007bd0   0x0000000a   Code   RO         2342    i.beep_key          pwm.o
    0x08007bda   0x08007bda   0x00000002   PAD
    0x08007bdc   0x08007bdc   0x00000074   Code   RO         4611    i.check_fs          ff.o
    0x08007c50   0x08007c50   0x00000010   Code   RO         4612    i.chk_chr           ff.o
    0x08007c60   0x08007c60   0x00000024   Code   RO         4613    i.clmt_clust        ff.o
    0x08007c84   0x08007c84   0x00000018   Code   RO         4614    i.clust2sect        ff.o
    0x08007c9c   0x08007c9c   0x00000012   Code   RO          923    i.convert_from_bytes_to_power_of_two  sdio_sdcard.o
    0x08007cae   0x08007cae   0x0000009e   Code   RO         4615    i.create_chain      ff.o
    0x08007d4c   0x08007d4c   0x00000244   Code   RO         4616    i.create_name       ff.o
    0x08007f90   0x08007f90   0x0000002c   Code   RO          430    i.delay_init        delay.o
    0x08007fbc   0x08007fbc   0x00000034   Code   RO          431    i.delay_ms          delay.o
    0x08007ff0   0x08007ff0   0x00000034   Code   RO          433    i.delay_xms         delay.o
    0x08008024   0x08008024   0x00000042   Code   RO         4617    i.dir_alloc         ff.o
    0x08008066   0x08008066   0x00000002   PAD
    0x08008068   0x08008068   0x00000138   Code   RO         4618    i.dir_find          ff.o
    0x080081a0   0x080081a0   0x000000e6   Code   RO         4619    i.dir_next          ff.o
    0x08008286   0x08008286   0x00000002   PAD
    0x08008288   0x08008288   0x00000170   Code   RO         4621    i.dir_register      ff.o
    0x080083f8   0x080083f8   0x0000007e   Code   RO         4623    i.dir_sdi           ff.o
    0x08008476   0x08008476   0x00000018   Code   RO         4531    i.disk_initialize   diskio.o
    0x0800848e   0x0800848e   0x00000002   PAD
    0x08008490   0x08008490   0x0000006c   Code   RO         4532    i.disk_ioctl        diskio.o
    0x080084fc   0x080084fc   0x00000032   Code   RO         4533    i.disk_read         diskio.o
    0x0800852e   0x0800852e   0x00000004   Code   RO         4534    i.disk_status       diskio.o
    0x08008532   0x08008532   0x00000032   Code   RO         4535    i.disk_write        diskio.o
    0x08008564   0x08008564   0x00000028   Code   RO         1722    i.esp8266_check_cmd  esp8266.o
    0x0800858c   0x0800858c   0x0000004c   Code   RO         1723    i.esp8266_quit_trans  esp8266.o
    0x080085d8   0x080085d8   0x00000058   Code   RO         1724    i.esp8266_send_cmd  esp8266.o
    0x08008630   0x08008630   0x000001a8   Code   RO         1726    i.esp8266_start_trans  esp8266.o
    0x080087d8   0x080087d8   0x00000064   Code   RO         4940    i.exfuns_init       exfuns.o
    0x0800883c   0x0800883c   0x0000001c   Code   RO         4625    i.f_close           ff.o
    0x08008858   0x08008858   0x0000004c   Code   RO         4633    i.f_mount           ff.o
    0x080088a4   0x080088a4   0x00000172   Code   RO         4634    i.f_open            ff.o
    0x08008a16   0x08008a16   0x00000152   Code   RO         4639    i.f_read            ff.o
    0x08008b68   0x08008b68   0x00000098   Code   RO         4644    i.f_sync            ff.o
    0x08008c00   0x08008c00   0x0000004c   Code   RO         5150    i.ff_convert        cc936.o
    0x08008c4c   0x08008c4c   0x00000008   Code   RO         4536    i.ff_memalloc       diskio.o
    0x08008c54   0x08008c54   0x00000008   Code   RO         4537    i.ff_memfree        diskio.o
    0x08008c5c   0x08008c5c   0x00000024   Code   RO         5151    i.ff_wtoupper       cc936.o
    0x08008c80   0x08008c80   0x000002b4   Code   RO         4649    i.find_volume       ff.o
    0x08008f34   0x08008f34   0x00000066   Code   RO         4650    i.follow_path       ff.o
    0x08008f9a   0x08008f9a   0x00000002   PAD
    0x08008f9c   0x08008f9c   0x00000038   Code   RO          608    i.fputc             usart.o
    0x08008fd4   0x08008fd4   0x0000008c   Code   RO         4651    i.gen_numname       ff.o
    0x08009060   0x08009060   0x00000070   Code   RO           11    i.get_charge_show   main.o
    0x080090d0   0x080090d0   0x0000010c   Code   RO         1864    i.get_current_weather  weather.o
    0x080091dc   0x080091dc   0x000000c0   Code   RO         4652    i.get_fat           ff.o
    0x0800929c   0x0800929c   0x00000004   Code   RO         4538    i.get_fattime       diskio.o
    0x080092a0   0x080092a0   0x00000318   Code   RO         1865    i.get_jinzhou_time  weather.o
    0x080095b8   0x080095b8   0x0000003c   Code   RO         4654    i.get_ldnumber      ff.o
    0x080095f4   0x080095f4   0x00000148   Code   RO         5439    i.idct9             imdct.o
    0x0800973c   0x0800973c   0x000000ac   Code   RO         5440    i.imdct12           imdct.o
    0x080097e8   0x080097e8   0x00000012   Code   RO         4655    i.ld_clust          ff.o
    0x080097fa   0x080097fa   0x00000002   PAD
    0x080097fc   0x080097fc   0x000001c0   Code   RO           12    i.led_APP           main.o
    0x080099bc   0x080099bc   0x0000000a   Code   RO         2343    i.led_brightness    pwm.o
    0x080099c6   0x080099c6   0x00000002   PAD
    0x080099c8   0x080099c8   0x000000ac   Code   RO           13    i.main              main.o
    0x08009a74   0x08009a74   0x00000244   Code   RO           14    i.meau              main.o
    0x08009cb8   0x08009cb8   0x00000022   Code   RO           15    i.meau_2            main.o
    0x08009cda   0x08009cda   0x00000002   PAD
    0x08009cdc   0x08009cdc   0x00000012   Code   RO         4656    i.mem_cpy           ff.o
    0x08009cee   0x08009cee   0x00000002   PAD
    0x08009cf0   0x08009cf0   0x00000038   Code   RO         1106    i.mem_perused       malloc.o
    0x08009d28   0x08009d28   0x0000000e   Code   RO         4657    i.mem_set           ff.o
    0x08009d36   0x08009d36   0x0000002e   Code   RO         4658    i.move_window       ff.o
    0x08009d64   0x08009d64   0x00000398   Code   RO          379    i.mp3PlayerDemo     mp3player.o
    0x0800a0fc   0x0800a0fc   0x000003c8   Code   RO           16    i.music_app         main.o
    0x0800a4c4   0x0800a4c4   0x00000018   Code   RO         1107    i.myfree            malloc.o
    0x0800a4dc   0x0800a4dc   0x00000020   Code   RO         1108    i.mymalloc          malloc.o
    0x0800a4fc   0x0800a4fc   0x00000058   Code   RO         1109    i.mymem_free        malloc.o
    0x0800a554   0x0800a554   0x0000003c   Code   RO         1110    i.mymem_init        malloc.o
    0x0800a590   0x0800a590   0x00000090   Code   RO         1111    i.mymem_malloc      malloc.o
    0x0800a620   0x0800a620   0x0000000e   Code   RO         1113    i.mymemset          malloc.o
    0x0800a62e   0x0800a62e   0x00000010   Code   RO         1922    i.mypow             lcd.o
    0x0800a63e   0x0800a63e   0x00000002   PAD
    0x0800a640   0x0800a640   0x000001c8   Code   RO           17    i.n_remove          main.o
    0x0800a808   0x0800a808   0x0000000c   Code   RO         2344    i.p_brightness      pwm.o
    0x0800a814   0x0800a814   0x00000088   Code   RO         5931    i.prvAddCurrentTaskToDelayedList  tasks.o
    0x0800a89c   0x0800a89c   0x000000f0   Code   RO         5932    i.prvAddNewTaskToReadyList  tasks.o
    0x0800a98c   0x0800a98c   0x00000050   Code   RO         6279    i.prvCheckForValidListAndQueue  timers.o
    0x0800a9dc   0x0800a9dc   0x00000026   Code   RO         5733    i.prvCopyDataFromQueue  queue.o
    0x0800aa02   0x0800aa02   0x0000006c   Code   RO         5734    i.prvCopyDataToQueue  queue.o
    0x0800aa6e   0x0800aa6e   0x00000014   Code   RO         5933    i.prvDeleteTCB      tasks.o
    0x0800aa82   0x0800aa82   0x00000002   PAD
    0x0800aa84   0x0800aa84   0x00000044   Code   RO         6435    i.prvHeapInit       heap_4.o
    0x0800aac8   0x0800aac8   0x00000060   Code   RO         5934    i.prvIdleTask       tasks.o
    0x0800ab28   0x0800ab28   0x000000a6   Code   RO         5935    i.prvInitialiseNewTask  tasks.o
    0x0800abce   0x0800abce   0x00000002   PAD
    0x0800abd0   0x0800abd0   0x0000004c   Code   RO         6436    i.prvInsertBlockIntoFreeList  heap_4.o
    0x0800ac1c   0x0800ac1c   0x00000038   Code   RO         6280    i.prvInsertTimerInActiveList  timers.o
    0x0800ac54   0x0800ac54   0x0000001c   Code   RO         5735    i.prvIsQueueEmpty   queue.o
    0x0800ac70   0x0800ac70   0x00000040   Code   RO         6281    i.prvProcessExpiredTimer  timers.o
    0x0800acb0   0x0800acb0   0x000000e4   Code   RO         6282    i.prvProcessReceivedCommands  timers.o
    0x0800ad94   0x0800ad94   0x0000006c   Code   RO         6283    i.prvProcessTimerOrBlockTask  timers.o
    0x0800ae00   0x0800ae00   0x00000028   Code   RO         6284    i.prvReloadTimer    timers.o
    0x0800ae28   0x0800ae28   0x0000001c   Code   RO         5937    i.prvResetNextTaskUnblockTime  tasks.o
    0x0800ae44   0x0800ae44   0x00000048   Code   RO         6285    i.prvSampleTimeNow  timers.o
    0x0800ae8c   0x0800ae8c   0x00000028   Code   RO         6498    i.prvTaskExitError  port.o
    0x0800aeb4   0x0800aeb4   0x00000034   Code   RO         5938    i.prvTaskIsTaskSuspended  tasks.o
    0x0800aee8   0x0800aee8   0x00000014   Code   RO         5589    i.prvTestWaitCondition  event_groups.o
    0x0800aefc   0x0800aefc   0x00000024   Code   RO         6286    i.prvTimerTask      timers.o
    0x0800af20   0x0800af20   0x0000006a   Code   RO         5736    i.prvUnlockQueue    queue.o
    0x0800af8a   0x0800af8a   0x00000002   PAD
    0x0800af8c   0x0800af8c   0x000000fa   Code   RO         4659    i.put_fat           ff.o
    0x0800b086   0x0800b086   0x00000002   PAD
    0x0800b088   0x0800b088   0x000000c0   Code   RO         6438    i.pvPortMalloc      heap_4.o
    0x0800b148   0x0800b148   0x0000002c   Code   RO         6499    i.pxPortInitialiseStack  port.o
    0x0800b174   0x0800b174   0x00000058   Code   RO          380    i.read_file         mp3player.o
    0x0800b1cc   0x0800b1cc   0x00000062   Code   RO         4661    i.remove_chain      ff.o
    0x0800b22e   0x0800b22e   0x00000002   PAD
    0x0800b230   0x0800b230   0x000001a8   Code   RO           19    i.set_app           main.o
    0x0800b3d8   0x0800b3d8   0x000001bc   Code   RO           20    i.set_app_2         main.o
    0x0800b594   0x0800b594   0x00000010   Code   RO         4662    i.st_clust          ff.o
    0x0800b5a4   0x0800b5a4   0x000000b0   Code   RO           21    i.start             main.o
    0x0800b654   0x0800b654   0x00000174   Code   RO           22    i.start_task        main.o
    0x0800b7c8   0x0800b7c8   0x0000023c   Code   RO           23    i.stopwatch         main.o
    0x0800ba04   0x0800ba04   0x0000001a   Code   RO         4663    i.sum_sfn           ff.o
    0x0800ba1e   0x0800ba1e   0x000000b0   Code   RO         4664    i.sync_fs           ff.o
    0x0800bace   0x0800bace   0x00000050   Code   RO         4665    i.sync_window       ff.o
    0x0800bb1e   0x0800bb1e   0x00000002   PAD
    0x0800bb20   0x0800bb20   0x0000004c   Code   RO         1777    i.u3_printf         usart3.o
    0x0800bb6c   0x0800bb6c   0x000000bc   Code   RO          609    i.usart1_Init       usart.o
    0x0800bc28   0x0800bc28   0x000000d8   Code   RO         1778    i.usart3_Init       usart3.o
    0x0800bd00   0x0800bd00   0x00000026   Code   RO         5693    i.uxListRemove      list.o
    0x0800bd26   0x0800bd26   0x00000002   PAD
    0x0800bd28   0x0800bd28   0x0000000c   Code   RO         5942    i.uxTaskGetNumberOfTasks  tasks.o
    0x0800bd34   0x0800bd34   0x00000018   Code   RO         5947    i.uxTaskResetEventItemValue  tasks.o
    0x0800bd4c   0x0800bd4c   0x00000016   Code   RO         5694    i.vListInitialise   list.o
    0x0800bd62   0x0800bd62   0x00000006   Code   RO         5695    i.vListInitialiseItem  list.o
    0x0800bd68   0x0800bd68   0x00000030   Code   RO         5696    i.vListInsert       list.o
    0x0800bd98   0x0800bd98   0x00000018   Code   RO         5697    i.vListInsertEnd    list.o
    0x0800bdb0   0x0800bdb0   0x00000040   Code   RO         6501    i.vPortEnterCritical  port.o
    0x0800bdf0   0x0800bdf0   0x00000028   Code   RO         6502    i.vPortExitCritical  port.o
    0x0800be18   0x0800be18   0x00000064   Code   RO         6439    i.vPortFree         heap_4.o
    0x0800be7c   0x0800be7c   0x00000024   Code   RO         6503    i.vPortSetupTimerInterrupt  port.o
    0x0800bea0   0x0800bea0   0x00000054   Code   RO         6504    i.vPortValidateInterruptPriority  port.o
    0x0800bef4   0x0800bef4   0x00000050   Code   RO         5742    i.vQueueAddToRegistry  queue.o
    0x0800bf44   0x0800bf44   0x00000044   Code   RO         5746    i.vQueueWaitForMessageRestricted  queue.o
    0x0800bf88   0x0800bf88   0x0000004c   Code   RO         5948    i.vTaskDelay        tasks.o
    0x0800bfd4   0x0800bfd4   0x000000b4   Code   RO         5949    i.vTaskDelete       tasks.o
    0x0800c088   0x0800c088   0x00000010   Code   RO         5953    i.vTaskInternalSetTimeOutState  tasks.o
    0x0800c098   0x0800c098   0x0000000c   Code   RO         5954    i.vTaskMissedYield  tasks.o
    0x0800c0a4   0x0800c0a4   0x00000030   Code   RO         5955    i.vTaskPlaceOnEventList  tasks.o
    0x0800c0d4   0x0800c0d4   0x00000050   Code   RO         5956    i.vTaskPlaceOnEventListRestricted  tasks.o
    0x0800c124   0x0800c124   0x00000068   Code   RO         5957    i.vTaskPlaceOnUnorderedEventList  tasks.o
    0x0800c18c   0x0800c18c   0x000000d0   Code   RO         5960    i.vTaskRemoveFromUnorderedEventList  tasks.o
    0x0800c25c   0x0800c25c   0x000000a4   Code   RO         5961    i.vTaskResume       tasks.o
    0x0800c300   0x0800c300   0x00000070   Code   RO         5964    i.vTaskStartScheduler  tasks.o
    0x0800c370   0x0800c370   0x000000bc   Code   RO         5965    i.vTaskSuspend      tasks.o
    0x0800c42c   0x0800c42c   0x00000010   Code   RO         5966    i.vTaskSuspendAll   tasks.o
    0x0800c43c   0x0800c43c   0x0000005c   Code   RO         5967    i.vTaskSwitchContext  tasks.o
    0x0800c498   0x0800c498   0x00000026   Code   RO         4666    i.validate          ff.o
    0x0800c4be   0x0800c4be   0x00000040   Code   RO         5595    i.xEventGroupClearBits  event_groups.o
    0x0800c4fe   0x0800c4fe   0x0000001a   Code   RO         5596    i.xEventGroupCreate  event_groups.o
    0x0800c518   0x0800c518   0x0000008c   Code   RO         5598    i.xEventGroupSetBits  event_groups.o
    0x0800c5a4   0x0800c5a4   0x00000108   Code   RO         5600    i.xEventGroupWaitBits  event_groups.o
    0x0800c6ac   0x0800c6ac   0x000000f4   Code   RO         6505    i.xPortStartScheduler  port.o
    0x0800c7a0   0x0800c7a0   0x0000005e   Code   RO         5749    i.xQueueGenericCreate  queue.o
    0x0800c7fe   0x0800c7fe   0x00000002   PAD
    0x0800c800   0x0800c800   0x000000b0   Code   RO         5750    i.xQueueGenericReset  queue.o
    0x0800c8b0   0x0800c8b0   0x00000160   Code   RO         5751    i.xQueueGenericSend  queue.o
    0x0800ca10   0x0800ca10   0x000000da   Code   RO         5752    i.xQueueGenericSendFromISR  queue.o
    0x0800caea   0x0800caea   0x00000002   PAD
    0x0800caec   0x0800caec   0x00000138   Code   RO         5759    i.xQueueReceive     queue.o
    0x0800cc24   0x0800cc24   0x0000007c   Code   RO         5969    i.xTaskCheckForTimeOut  tasks.o
    0x0800cca0   0x0800cca0   0x0000005c   Code   RO         5970    i.xTaskCreate       tasks.o
    0x0800ccfc   0x0800ccfc   0x0000001c   Code   RO         5977    i.xTaskGetSchedulerState  tasks.o
    0x0800cd18   0x0800cd18   0x0000000c   Code   RO         5978    i.xTaskGetTickCount  tasks.o
    0x0800cd24   0x0800cd24   0x00000138   Code   RO         5980    i.xTaskIncrementTick  tasks.o
    0x0800ce5c   0x0800ce5c   0x000000b8   Code   RO         5981    i.xTaskPriorityDisinherit  tasks.o
    0x0800cf14   0x0800cf14   0x000000dc   Code   RO         5983    i.xTaskRemoveFromEventList  tasks.o
    0x0800cff0   0x0800cff0   0x00000130   Code   RO         5984    i.xTaskResumeAll    tasks.o
    0x0800d120   0x0800d120   0x00000062   Code   RO         6293    i.xTimerCreate      timers.o
    0x0800d182   0x0800d182   0x00000002   PAD
    0x0800d184   0x0800d184   0x0000004c   Code   RO         6294    i.xTimerCreateTimerTask  timers.o
    0x0800d1d0   0x0800d1d0   0x00000060   Code   RO         6295    i.xTimerGenericCommand  timers.o
    0x0800d230   0x0800d230   0x00000098   Code   RO         5309    i.xmp3_AllocateBuffers  buffers.o
    0x0800d2c8   0x0800d2c8   0x0000000e   Code   RO         5255    i.xmp3_CalcBitsUsed  bitstream.o
    0x0800d2d6   0x0800d2d6   0x00000016   Code   RO         5256    i.xmp3_CheckPadBit  bitstream.o
    0x0800d2ec   0x0800d2ec   0x000001b4   Code   RO         5395    i.xmp3_DecodeHuffman  huffman.o
    0x0800d4a0   0x0800d4a0   0x000001e8   Code   RO         5371    i.xmp3_DequantChannel  dqchan.o
    0x0800d688   0x0800d688   0x000001ec   Code   RO         5350    i.xmp3_Dequantize   dequant.o
    0x0800d874   0x0800d874   0x000006b2   Code   RO         5335    i.xmp3_FDCT32       dct32.o
    0x0800df26   0x0800df26   0x00000002   Code   RO         5310    i.xmp3_FreeBuffers  buffers.o
    0x0800df28   0x0800df28   0x00000042   Code   RO         5257    i.xmp3_GetBits      bitstream.o
    0x0800df6a   0x0800df6a   0x00000002   PAD
    0x0800df6c   0x0800df6c   0x00000120   Code   RO         5441    i.xmp3_IMDCT        imdct.o
    0x0800e08c   0x0800e08c   0x0000023c   Code   RO         5512    i.xmp3_IntensityProcMPEG1  stproc.o
    0x0800e2c8   0x0800e2c8   0x00000248   Code   RO         5513    i.xmp3_IntensityProcMPEG2  stproc.o
    0x0800e510   0x0800e510   0x00000054   Code   RO         5514    i.xmp3_MidSideProc  stproc.o
    0x0800e564   0x0800e564   0x0000000c   Code   RO         5258    i.xmp3_SetBitstreamPointer  bitstream.o
    0x0800e570   0x0800e570   0x000000fc   Code   RO         5536    i.xmp3_Subband      subband.o
    0x0800e66c   0x0800e66c   0x000001f0   Code   RO         5259    i.xmp3_UnpackFrameHeader  bitstream.o
    0x0800e85c   0x0800e85c   0x000000f6   Code   RO         5490    i.xmp3_UnpackScaleFactors  scalfact.o
    0x0800e952   0x0800e952   0x00000002   PAD
    0x0800e954   0x0800e954   0x00000218   Code   RO         5260    i.xmp3_UnpackSideInfo  bitstream.o
    0x0800eb6c   0x0800eb6c   0x0000002c   Code   RO         6826    locale$$code        c_w.l(lc_numeric_c.o)
    0x0800eb98   0x0800eb98   0x0000002c   Code   RO         6846    locale$$code        c_w.l(lc_ctype_c.o)
    0x0800ebc4   0x0800ebc4   0x0000000a   Code   RO         6912    x$fpl$fpinit        fz_wm.l(fpinit.o)
    0x0800ebce   0x0800ebce   0x00000004   Code   RO         6742    x$fpl$printf1       fz_wm.l(printf1.o)
    0x0800ebd2   0x0800ebd2   0x00000004   Code   RO         6744    x$fpl$printf2       fz_wm.l(printf2.o)
    0x0800ebd6   0x0800ebd6   0x00000000   Code   RO         6750    x$fpl$usenofp       fz_wm.l(usenofp.o)
    0x0800ebd6   0x0800ebd6   0x00036b64   Data   RO           24    .constdata          main.o
    0x0804573a   0x0804573a   0x00000002   PAD
    0x0804573c   0x0804573c   0x00000018   Data   RO         1119    .constdata          malloc.o
    0x08045754   0x08045754   0x00005048   Data   RO         1923    .constdata          lcd.o
    0x0804a79c   0x0804a79c   0x0000003a   Data   RO         4668    .constdata          ff.o
    0x0804a7d6   0x0804a7d6   0x0002acc8   Data   RO         5152    .constdata          cc936.o
    0x0807549e   0x0807549e   0x00000002   PAD
    0x080754a0   0x080754a0   0x00000024   Data   RO         5236    .constdata          mp3tabs.o
    0x080754c4   0x080754c4   0x0000010e   Data   RO         5237    .constdata          mp3tabs.o
    0x080755d2   0x080755d2   0x00000012   Data   RO         5238    .constdata          mp3tabs.o
    0x080755e4   0x080755e4   0x0000000c   Data   RO         5240    .constdata          mp3tabs.o
    0x080755f0   0x080755f0   0x0000010e   Data   RO         5241    .constdata          mp3tabs.o
    0x080756fe   0x080756fe   0x0000029a   Data   RO         5242    .constdata          mp3tabs.o
    0x08075998   0x08075998   0x000000c0   Data   RO         5336    .constdata          dct32.o
    0x08075a58   0x08075a58   0x00000250   Data   RO         5372    .constdata          dqchan.o
    0x08075ca8   0x08075ca8   0x00002124   Data   RO         5415    .constdata          hufftabs.o
    0x08077dcc   0x08077dcc   0x00000080   Data   RO         5416    .constdata          hufftabs.o
    0x08077e4c   0x08077e4c   0x00000100   Data   RO         5417    .constdata          hufftabs.o
    0x08077f4c   0x08077f4c   0x00000050   Data   RO         5418    .constdata          hufftabs.o
    0x08077f9c   0x08077f9c   0x00000008   Data   RO         5419    .constdata          hufftabs.o
    0x08077fa4   0x08077fa4   0x00000008   Data   RO         5420    .constdata          hufftabs.o
    0x08077fac   0x08077fac   0x0000006c   Data   RO         5442    .constdata          imdct.o
    0x08078018   0x08078018   0x00000068   Data   RO         5491    .constdata          scalfact.o
    0x08078080   0x08078080   0x00000240   Data   RO         5548    .constdata          trigtabs.o
    0x080782c0   0x080782c0   0x00000038   Data   RO         5549    .constdata          trigtabs.o
    0x080782f8   0x080782f8   0x00000100   Data   RO         5550    .constdata          trigtabs.o
    0x080783f8   0x080783f8   0x00000010   Data   RO         5551    .constdata          trigtabs.o
    0x08078408   0x08078408   0x00000040   Data   RO         5553    .constdata          trigtabs.o
    0x08078448   0x08078448   0x00000420   Data   RO         5555    .constdata          trigtabs.o
    0x08078868   0x08078868   0x00000028   Data   RO         6614    .constdata          c_w.l(_printf_hex_int_ll_ptr.o)
    0x08078890   0x08078890   0x00000011   Data   RO         6634    .constdata          c_w.l(__printf_flags_ss_wp.o)
    0x080788a1   0x080788a1   0x00000003   PAD
    0x080788a4   0x080788a4   0x00000008   Data   RO         6703    .constdata          c_w.l(_printf_wctomb.o)
    0x080788ac   0x080788ac   0x00000026   Data   RO         6775    .constdata          c_w.l(_printf_fp_hex.o)
    0x080788d2   0x080788d2   0x00000002   PAD
    0x080788d4   0x080788d4   0x00000094   Data   RO         6801    .constdata          c_w.l(bigflt0.o)
    0x08078968   0x08078968   0x000001ac   Data   RO         1524    .conststring        music.o
    0x08078b14   0x08078b14   0x0000011d   Data   RO         1525    .conststring        music.o
    0x08078c31   0x08078c31   0x00000003   PAD
    0x08078c34   0x08078c34   0x00000074   Data   RO         1866    .conststring        weather.o
    0x08078ca8   0x08078ca8   0x00000020   Data   RO         6972    Region$$Table       anon$$obj.o
    0x08078cc8   0x08078cc8   0x0000001c   Data   RO         6825    locale$$data        c_w.l(lc_numeric_c.o)
    0x08078ce4   0x08078ce4   0x00000110   Data   RO         6845    locale$$data        c_w.l(lc_ctype_c.o)


    Execution Region RW_IRAM1 (Exec base: 0x20000000, Load base: 0x08078df4, Size: 0x00016200, Max: 0x00020000, ABSOLUTE, COMPRESSED[0x000000ec])

    Exec Addr    Load Addr    Size         Type   Attr      Idx    E Section Name        Object

    0x20000000   COMPRESSED   0x00000058   Data   RW           26    .data               main.o
    0x20000058   COMPRESSED   0x00000018   Data   RW          382    .data               mp3player.o
    0x20000070   COMPRESSED   0x00000004   Data   RW          434    .data               delay.o
    0x20000074   COMPRESSED   0x00000004   Data   RW          613    .data               usart.o
    0x20000078   COMPRESSED   0x00000004   Data   RW          614    .data               usart.o
    0x2000007c   COMPRESSED   0x00000008   Data   RW          843    .data               dac.o
    0x20000084   COMPRESSED   0x00000010   Data   RW          925    .data               sdio_sdcard.o
    0x20000094   COMPRESSED   0x0000001c   Data   RW         1120    .data               malloc.o
    0x200000b0   COMPRESSED   0x00000078   Data   RW         1526    .data               music.o
    0x20000128   COMPRESSED   0x00000078   Data   RW         1527    .data               music.o
    0x200001a0   COMPRESSED   0x00000004   Data   RW         1727    .data               esp8266.o
    0x200001a4   COMPRESSED   0x00000002   Data   RW         1780    .data               usart3.o
    0x200001a6   COMPRESSED   0x00000008   Data   RW         1867    .data               weather.o
    0x200001ae   COMPRESSED   0x00000010   Data   RW         2591    .data               stm32f4xx_rcc.o
    0x200001be   COMPRESSED   0x00000002   PAD
    0x200001c0   COMPRESSED   0x00000014   Data   RW         4486    .data               system_stm32f4xx.o
    0x200001d4   COMPRESSED   0x00000002   Data   RW         4539    .data               diskio.o
    0x200001d6   COMPRESSED   0x00000002   Data   RW         4669    .data               ff.o
    0x200001d8   COMPRESSED   0x0000000c   Data   RW         4947    .data               exfuns.o
    0x200001e4   COMPRESSED   0x00000040   Data   RW         5987    .data               tasks.o
    0x20000224   COMPRESSED   0x00000014   Data   RW         6302    .data               timers.o
    0x20000238   COMPRESSED   0x0000001c   Data   RW         6445    .data               heap_4.o
    0x20000254   COMPRESSED   0x0000000c   Data   RW         6506    .data               port.o
    0x20000260        -       0x00002444   Zero   RW          381    .bss                mp3player.o
    0x200026a4        -       0x000000c8   Zero   RW          612    .bss                usart.o
    0x2000276c        -       0x00002710   Zero   RW          842    .bss                dac.o
    0x20004e7c   COMPRESSED   0x00000004   PAD
    0x20004e80        -       0x000002c0   Zero   RW          924    .bss                sdio_sdcard.o
    0x20005140        -       0x00005000   Zero   RW         1117    .bss                malloc.o
    0x2000a140        -       0x00000500   Zero   RW         1118    .bss                malloc.o
    0x2000a640        -       0x00000834   Zero   RW         1779    .bss                usart3.o
    0x2000ae74        -       0x0000000c   Zero   RW         4667    .bss                ff.o
    0x2000ae80        -       0x0000000c   Zero   RW         4942    .bss                exfuns.o
    0x2000ae8c        -       0x00005d08   Zero   RW         5311    .bss                buffers.o
    0x20010b94        -       0x00000040   Zero   RW         5763    .bss                queue.o
    0x20010bd4        -       0x000001a4   Zero   RW         5986    .bss                tasks.o
    0x20010d78        -       0x00000028   Zero   RW         6301    .bss                timers.o
    0x20010da0        -       0x00005000   Zero   RW         6444    .bss                heap_4.o
    0x20015da0        -       0x00000060   Zero   RW         6841    .bss                c_w.l(libspace.o)
    0x20015e00        -       0x00000000   Zero   RW         4522    HEAP                startup_stm32f40xx.o
    0x20015e00        -       0x00000400   Zero   RW         4521    STACK               startup_stm32f40xx.o



  Load Region LR$$.ARM.__AT_0x10000000 (Base: 0x10000000, Size: 0x00000000, Max: 0x00005000, ABSOLUTE)

    Execution Region ER$$.ARM.__AT_0x10000000 (Exec base: 0x10000000, Load base: 0x10000000, Size: 0x00005000, Max: 0x00005000, ABSOLUTE, UNINIT)

    Exec Addr    Load Addr    Size         Type   Attr      Idx    E Section Name        Object

    0x10000000        -       0x00005000   Zero   RW         1115    .ARM.__AT_0x10000000  malloc.o



  Load Region LR$$.ARM.__AT_0x10005000 (Base: 0x10005000, Size: 0x00000000, Max: 0x00000500, ABSOLUTE)

    Execution Region ER$$.ARM.__AT_0x10005000 (Exec base: 0x10005000, Load base: 0x10005000, Size: 0x00000500, Max: 0x00000500, ABSOLUTE, UNINIT)

    Exec Addr    Load Addr    Size         Type   Attr      Idx    E Section Name        Object

    0x10005000        -       0x00000500   Zero   RW         1116    .ARM.__AT_0x10005000  malloc.o


==============================================================================

Image component sizes


      Code (inc. data)   RO Data    RW Data    ZI Data      Debug   Object Name

       248         22          0          0          0     268287   adc.o
        22          0          0          0          0        444   asmmisc.o
      2062          0          0          0          0        616   asmpoly_thumb2.o
      1258         26          0          0          0      11254   bitstream.o
       170         28          0          0      23816       2440   buffers.o
       112         16     175304          0          0       2615   cc936.o
       476         52          0          8      10000       2841   dac.o
      1714         10        192          0          0       3654   dct32.o
       148         12          0          4          0     328984   delay.o
       514          0          0          0          0       2718   dequant.o
       256          8          0          2          0       6984   diskio.o
       902         22        592          0          0       5346   dqchan.o
       628        312          0          4          0       3286   esp8266.o
       514          4          0          0          0      21642   event_groups.o
       100          8          0         12         12       1727   exfuns.o
      4962         62         58          2         12      35999   ff.o
       436         22          0         28      20480       5555   heap_4.o
      1560         26          0          0          0       5945   huffman.o
         0          0       8964          0          0       5684   hufftabs.o
      3242         58        108          0          0      11389   imdct.o
       188         10          0          0          0     264682   key.o
       946         20      20552          0          0     246459   lcd.o
       690         18          0          0          0       6276   lcd_init.o
        60          4          0          0          0        523   led.o
       138          0          0          0          0       3666   list.o
      5298        592     224100         88          0     277881   main.o
       418         44         24         28      43520       6622   malloc.o
       144         14          0          0          0       2053   misc.o
       966          4          0          0          0       8163   mp3dec.o
      1504        496          0         24       9284       5810   mp3player.o
         0          0       1272          0          0       1945   mp3tabs.o
       350          0          0          0          0       4554   mpu6050.o
         0          0        713        240          0        702   music.o
       620         72          0          0          0       5608   myiic.o
       786         82          0         12          0      12149   port.o
       396         18          0          0          0       2942   pwm.o
      1580         20          0          0         64      17574   queue.o
      1186         10        104          0          0       4726   scalfact.o
      6036        278          0         16        704      35185   sdio_sdcard.o
       268         12          0          0          0     253429   spi.o
        60         22        392          0       1024        860   startup_stm32f40xx.o
       286         20          0          0          0       5526   stm32f4xx_adc.o
        88         12          0          0          0       2370   stm32f4xx_dac.o
       640         52          0          0          0       7735   stm32f4xx_dma.o
       226          0          0          0          0       4081   stm32f4xx_gpio.o
        12          0          0          0          0       2833   stm32f4xx_it.o
       264         42          0         16          0       5945   stm32f4xx_rcc.o
       192         36          0          0          0       5725   stm32f4xx_sdio.o
        98          0          0          0          0       3610   stm32f4xx_spi.o
       686         52          0          0          0      13634   stm32f4xx_tim.o
       338          8          0          0          0       6047   stm32f4xx_usart.o
      1240         18          0          0          0       5523   stproc.o
       252          4          0          0          0       1291   subband.o
       272         36          0         20          0       1929   system_stm32f4xx.o
      3346        248          0         64        420      35619   tasks.o
       148         12          0          0          0       1246   time7.o
       954         86          0         20         40      28736   timers.o
         0          0       2024          0          0        964   trigtabs.o
       446         48          0          8        200     293765   usart.o
       400         44          0          2       2100       3478   usart3.o
      1060        350        116          8          0       2999   weather.o

    ----------------------------------------------------------------------
     51976       3472     434554        608     111680    2322275   Object Totals
         0          0         32          0          0          0   (incl. Generated)
        70          0          7          2          4          0   (incl. Padding)

    ----------------------------------------------------------------------

      Code (inc. data)   RO Data    RW Data    ZI Data      Debug   Library Member Name

        24          4          0          0          0         84   __2printf.o
        44          6          0          0          0         84   __2sprintf.o
        90          0          0          0          0          0   __dczerorl2.o
         8          0          0          0          0         68   __main.o
       392          4         17          0          0         92   __printf_flags_ss_wp.o
        14          0          0          0          0         68   __printf_wp.o
         0          0          0          0          0          0   __rtentry.o
        12          0          0          0          0          0   __rtentry2.o
         6          0          0          0          0          0   __rtentry4.o
        52          8          0          0          0          0   __scatter.o
        28          0          0          0          0          0   __scatter_zi.o
         6          0          0          0          0          0   _printf_a.o
         6          0          0          0          0          0   _printf_c.o
        44          0          0          0          0        108   _printf_char.o
        48          6          0          0          0         96   _printf_char_common.o
        36          4          0          0          0         80   _printf_char_file.o
        40          0          0          0          0         68   _printf_charcount.o
         6          0          0          0          0          0   _printf_d.o
       120         16          0          0          0         92   _printf_dec.o
         6          0          0          0          0          0   _printf_e.o
         6          0          0          0          0          0   _printf_f.o
      1054          0          0          0          0        216   _printf_fp_dec.o
       764          8         38          0          0        100   _printf_fp_hex.o
       128         16          0          0          0         84   _printf_fp_infnan.o
         6          0          0          0          0          0   _printf_g.o
       148          4         40          0          0        160   _printf_hex_int_ll_ptr.o
         6          0          0          0          0          0   _printf_i.o
       178          0          0          0          0         88   _printf_intcommon.o
        10          0          0          0          0          0   _printf_l.o
         6          0          0          0          0          0   _printf_lc.o
        10          0          0          0          0          0   _printf_ll.o
         6          0          0          0          0          0   _printf_lld.o
         6          0          0          0          0          0   _printf_lli.o
         6          0          0          0          0          0   _printf_llo.o
         6          0          0          0          0          0   _printf_llu.o
         6          0          0          0          0          0   _printf_llx.o
       124         16          0          0          0         92   _printf_longlong_dec.o
         6          0          0          0          0          0   _printf_ls.o
         6          0          0          0          0          0   _printf_n.o
         6          0          0          0          0          0   _printf_o.o
       112         10          0          0          0        124   _printf_oct_int_ll.o
         6          0          0          0          0          0   _printf_p.o
        78          0          0          0          0        108   _printf_pad.o
         0          0          0          0          0          0   _printf_percent.o
         4          0          0          0          0          0   _printf_percent_end.o
         6          0          0          0          0          0   _printf_s.o
        82          0          0          0          0         80   _printf_str.o
        36          0          0          0          0         84   _printf_truncate.o
         6          0          0          0          0          0   _printf_u.o
        44          0          0          0          0        108   _printf_wchar.o
       188          6          8          0          0         92   _printf_wctomb.o
         6          0          0          0          0          0   _printf_x.o
        10          0          0          0          0         68   _sputc.o
        64          0          0          0          0         92   _wcrtomb.o
        16          0          0          0          0         68   aeabi_memset.o
       228          4        148          0          0         96   bigflt0.o
      1936        128          0          0          0        672   btod.o
        18          0          0          0          0         80   exit.o
         8          0          0          0          0         68   ferror.o
         6          0          0          0          0        152   heapauxi.o
        44         10        272          0          0         76   lc_ctype_c.o
        44         10         28          0          0         76   lc_numeric_c.o
         2          0          0          0          0          0   libinit.o
        34          0          0          0          0          0   libinit2.o
         2          0          0          0          0          0   libshutdown.o
         2          0          0          0          0          0   libshutdown2.o
         8          4          0          0         96         68   libspace.o
        72          0          0          0          0         76   llsdiv.o
       138          0          0          0          0         80   lludiv10.o
       238          0          0          0          0        100   lludivv7m.o
        16          4          0          0          0         76   rt_ctype_table.o
         8          4          0          0          0         68   rt_locale_intlibspace.o
        68          0          0          0          0         68   rt_memclr.o
        78          0          0          0          0         80   rt_memclr_w.o
       138          0          0          0          0         68   rt_memcpy_v6.o
       100          0          0          0          0         80   rt_memcpy_w.o
       132          0          0          0          0         68   rt_memmove_v6.o
       122          0          0          0          0         80   rt_memmove_w.o
         2          0          0          0          0          0   rtexit.o
        10          0          0          0          0          0   rtexit2.o
       128          0          0          0          0         68   strcmpv7m.o
        62          0          0          0          0         76   strlen.o
        36          0          0          0          0         80   strstr.o
        74          0          0          0          0         80   sys_stackheap_outer.o
         2          0          0          0          0         68   use_no_semi.o
         2          0          0          0          0         68   use_no_semi_2.o
        36          4          0          0          0         76   vsprintf.o
        10          0          0          0          0        116   fpinit.o
         4          0          0          0          0        116   printf1.o
         4          0          0          0          0        116   printf2.o
         0          0          0          0          0          0   usenofp.o
        48          0          0          0          0        124   fpclassify.o

    ----------------------------------------------------------------------
      8006        276        556          0         96       5524   Library Totals
        18          0          5          0          0          0   (incl. Padding)

    ----------------------------------------------------------------------

      Code (inc. data)   RO Data    RW Data    ZI Data      Debug   Library Name

      7922        276        551          0         96       5052   c_w.l
        18          0          0          0          0        348   fz_wm.l
        48          0          0          0          0        124   m_wm.l

    ----------------------------------------------------------------------
      8006        276        556          0         96       5524   Library Totals

    ----------------------------------------------------------------------

==============================================================================


      Code (inc. data)   RO Data    RW Data    ZI Data      Debug   

     59982       3748     435110        608     111776    2288439   Grand Totals
     59982       3748     435110        236     111776    2288439   ELF Image Totals (compressed)
     59982       3748     435110        236          0          0   ROM Totals

==============================================================================

    Total RO  Size (Code + RO Data)               495092 ( 483.49kB)
    Total RW  Size (RW Data + ZI Data)            112384 ( 109.75kB)
    Total ROM Size (Code + RO Data + RW Data)     495328 ( 483.72kB)

==============================================================================

